Component: ARM Compiler 5.06 update 5 (build 528) Tool: armlink [4d35e2]

==============================================================================

Section Cross References

    system_stm32l1xx.o(i.SystemCoreClockUpdate) refers to system_stm32l1xx.o(.data) for SystemCoreClock
    system_stm32l1xx.o(i.SystemCoreClockUpdate) refers to system_stm32l1xx.o(.constdata) for PLLMulTable
    startup_stm32l152xb.o(STACK) refers (Special) to heapauxi.o(.text) for __use_two_region_memory
    startup_stm32l152xb.o(HEAP) refers (Special) to heapauxi.o(.text) for __use_two_region_memory
    startup_stm32l152xb.o(RESET) refers (Special) to heapauxi.o(.text) for __use_two_region_memory
    startup_stm32l152xb.o(RESET) refers to startup_stm32l152xb.o(STACK) for __initial_sp
    startup_stm32l152xb.o(RESET) refers to startup_stm32l152xb.o(.text) for Reset_Handler
    startup_stm32l152xb.o(RESET) refers to usart.o(i.USART1_IRQHandler) for USART1_IRQHandler
    startup_stm32l152xb.o(.text) refers (Special) to heapauxi.o(.text) for __use_two_region_memory
    startup_stm32l152xb.o(.text) refers to system_stm32l1xx.o(i.SystemInit) for SystemInit
    startup_stm32l152xb.o(.text) refers to __main.o(!!!main) for __main
    startup_stm32l152xb.o(.text) refers to startup_stm32l152xb.o(HEAP) for Heap_Mem
    startup_stm32l152xb.o(.text) refers to startup_stm32l152xb.o(STACK) for Stack_Mem
    stm32l1xx_ll_lcd.o(i.LL_LCD_Clear) refers to stm32l1xx_ll_lcd.o(i.LL_LCD_UpdateDisplayRequest) for LL_LCD_UpdateDisplayRequest
    stm32l1xx_ll_lcd.o(i.LL_LCD_DeInit) refers to stm32l1xx_ll_lcd.o(i.LCD_WaitForSynchro) for LCD_WaitForSynchro
    stm32l1xx_ll_lcd.o(i.LL_LCD_DeInit) refers to stm32l1xx_ll_lcd.o(i.LL_LCD_MspDeInit) for LL_LCD_MspDeInit
    stm32l1xx_ll_lcd.o(i.LL_LCD_Init) refers to stm32l1xx_ll_lcd.o(i.LCD_WaitForSynchro) for LCD_WaitForSynchro
    stm32l1xx_ll_gpio.o(i.LL_GPIO_DeInit) refers to stm32l1xx_ll_gpio.o(i.LL_AHB1_GRP1_ForceReset) for LL_AHB1_GRP1_ForceReset
    stm32l1xx_ll_gpio.o(i.LL_GPIO_DeInit) refers to stm32l1xx_ll_gpio.o(i.LL_AHB1_GRP1_ReleaseReset) for LL_AHB1_GRP1_ReleaseReset
    stm32l1xx_ll_rcc.o(i.LL_RCC_GetSystemClocksFreq) refers to stm32l1xx_ll_rcc.o(i.RCC_GetSystemClockFreq) for RCC_GetSystemClockFreq
    stm32l1xx_ll_rcc.o(i.LL_RCC_GetSystemClocksFreq) refers to stm32l1xx_ll_rcc.o(i.RCC_GetHCLKClockFreq) for RCC_GetHCLKClockFreq
    stm32l1xx_ll_rcc.o(i.LL_RCC_GetSystemClocksFreq) refers to stm32l1xx_ll_rcc.o(i.RCC_GetPCLK1ClockFreq) for RCC_GetPCLK1ClockFreq
    stm32l1xx_ll_rcc.o(i.LL_RCC_GetSystemClocksFreq) refers to stm32l1xx_ll_rcc.o(i.RCC_GetPCLK2ClockFreq) for RCC_GetPCLK2ClockFreq
    stm32l1xx_ll_rcc.o(i.RCC_GetHCLKClockFreq) refers to system_stm32l1xx.o(.constdata) for AHBPrescTable
    stm32l1xx_ll_rcc.o(i.RCC_GetPCLK1ClockFreq) refers to system_stm32l1xx.o(.constdata) for APBPrescTable
    stm32l1xx_ll_rcc.o(i.RCC_GetPCLK2ClockFreq) refers to system_stm32l1xx.o(.constdata) for APBPrescTable
    stm32l1xx_ll_rcc.o(i.RCC_GetSystemClockFreq) refers to stm32l1xx_ll_rcc.o(i.RCC_PLL_GetFreqDomain_SYS) for RCC_PLL_GetFreqDomain_SYS
    stm32l1xx_ll_rcc.o(i.RCC_PLL_GetFreqDomain_SYS) refers to system_stm32l1xx.o(.constdata) for PLLMulTable
    stm32l1xx_ll_utils.o(i.LL_PLL_ConfigSystemClock_HSE) refers to stm32l1xx_ll_utils.o(i.UTILS_PLL_IsBusy) for UTILS_PLL_IsBusy
    stm32l1xx_ll_utils.o(i.LL_PLL_ConfigSystemClock_HSE) refers to stm32l1xx_ll_utils.o(i.UTILS_GetPLLOutputFrequency) for UTILS_GetPLLOutputFrequency
    stm32l1xx_ll_utils.o(i.LL_PLL_ConfigSystemClock_HSE) refers to stm32l1xx_ll_utils.o(i.LL_RCC_HSE_IsReady) for LL_RCC_HSE_IsReady
    stm32l1xx_ll_utils.o(i.LL_PLL_ConfigSystemClock_HSE) refers to stm32l1xx_ll_utils.o(i.LL_RCC_PLL_ConfigDomain_SYS) for LL_RCC_PLL_ConfigDomain_SYS
    stm32l1xx_ll_utils.o(i.LL_PLL_ConfigSystemClock_HSE) refers to stm32l1xx_ll_utils.o(i.UTILS_EnablePLLAndSwitchSystem) for UTILS_EnablePLLAndSwitchSystem
    stm32l1xx_ll_utils.o(i.LL_PLL_ConfigSystemClock_HSI) refers to stm32l1xx_ll_utils.o(i.UTILS_PLL_IsBusy) for UTILS_PLL_IsBusy
    stm32l1xx_ll_utils.o(i.LL_PLL_ConfigSystemClock_HSI) refers to stm32l1xx_ll_utils.o(i.UTILS_GetPLLOutputFrequency) for UTILS_GetPLLOutputFrequency
    stm32l1xx_ll_utils.o(i.LL_PLL_ConfigSystemClock_HSI) refers to stm32l1xx_ll_utils.o(i.LL_RCC_HSI_IsReady) for LL_RCC_HSI_IsReady
    stm32l1xx_ll_utils.o(i.LL_PLL_ConfigSystemClock_HSI) refers to stm32l1xx_ll_utils.o(i.LL_RCC_PLL_ConfigDomain_SYS) for LL_RCC_PLL_ConfigDomain_SYS
    stm32l1xx_ll_utils.o(i.LL_PLL_ConfigSystemClock_HSI) refers to stm32l1xx_ll_utils.o(i.UTILS_EnablePLLAndSwitchSystem) for UTILS_EnablePLLAndSwitchSystem
    stm32l1xx_ll_utils.o(i.LL_SetSystemCoreClock) refers to system_stm32l1xx.o(.data) for SystemCoreClock
    stm32l1xx_ll_utils.o(i.UTILS_EnablePLLAndSwitchSystem) refers to stm32l1xx_ll_utils.o(i.UTILS_SetFlashLatency) for UTILS_SetFlashLatency
    stm32l1xx_ll_utils.o(i.UTILS_EnablePLLAndSwitchSystem) refers to stm32l1xx_ll_utils.o(i.LL_RCC_PLL_IsReady) for LL_RCC_PLL_IsReady
    stm32l1xx_ll_utils.o(i.UTILS_EnablePLLAndSwitchSystem) refers to stm32l1xx_ll_utils.o(i.LL_SetSystemCoreClock) for LL_SetSystemCoreClock
    stm32l1xx_ll_utils.o(i.UTILS_EnablePLLAndSwitchSystem) refers to system_stm32l1xx.o(.constdata) for AHBPrescTable
    stm32l1xx_ll_utils.o(i.UTILS_EnablePLLAndSwitchSystem) refers to system_stm32l1xx.o(.data) for SystemCoreClock
    stm32l1xx_ll_utils.o(i.UTILS_GetPLLOutputFrequency) refers to system_stm32l1xx.o(.constdata) for PLLMulTable
    stm32l1xx_ll_utils.o(i.UTILS_PLL_IsBusy) refers to stm32l1xx_ll_utils.o(i.LL_RCC_PLL_IsReady) for LL_RCC_PLL_IsReady
    stm32l1xx_ll_tim.o(i.LL_TIM_DeInit) refers to stm32l1xx_ll_tim.o(i.LL_APB1_GRP1_ForceReset) for LL_APB1_GRP1_ForceReset
    stm32l1xx_ll_tim.o(i.LL_TIM_DeInit) refers to stm32l1xx_ll_tim.o(i.LL_APB1_GRP1_ReleaseReset) for LL_APB1_GRP1_ReleaseReset
    stm32l1xx_ll_tim.o(i.LL_TIM_DeInit) refers to stm32l1xx_ll_tim.o(i.LL_APB2_GRP1_ForceReset) for LL_APB2_GRP1_ForceReset
    stm32l1xx_ll_tim.o(i.LL_TIM_DeInit) refers to stm32l1xx_ll_tim.o(i.LL_APB2_GRP1_ReleaseReset) for LL_APB2_GRP1_ReleaseReset
    stm32l1xx_ll_tim.o(i.LL_TIM_IC_Init) refers to stm32l1xx_ll_tim.o(i.IC1Config) for IC1Config
    stm32l1xx_ll_tim.o(i.LL_TIM_IC_Init) refers to stm32l1xx_ll_tim.o(i.IC2Config) for IC2Config
    stm32l1xx_ll_tim.o(i.LL_TIM_IC_Init) refers to stm32l1xx_ll_tim.o(i.IC3Config) for IC3Config
    stm32l1xx_ll_tim.o(i.LL_TIM_IC_Init) refers to stm32l1xx_ll_tim.o(i.IC4Config) for IC4Config
    stm32l1xx_ll_tim.o(i.LL_TIM_OC_Init) refers to stm32l1xx_ll_tim.o(i.OC1Config) for OC1Config
    stm32l1xx_ll_tim.o(i.LL_TIM_OC_Init) refers to stm32l1xx_ll_tim.o(i.OC2Config) for OC2Config
    stm32l1xx_ll_tim.o(i.LL_TIM_OC_Init) refers to stm32l1xx_ll_tim.o(i.OC3Config) for OC3Config
    stm32l1xx_ll_tim.o(i.LL_TIM_OC_Init) refers to stm32l1xx_ll_tim.o(i.OC4Config) for OC4Config
    stm32l1xx_ll_exti.o(i.LL_EXTI_Init) refers to stm32l1xx_ll_exti.o(i.LL_EXTI_DisableEvent_0_31) for LL_EXTI_DisableEvent_0_31
    stm32l1xx_ll_exti.o(i.LL_EXTI_Init) refers to stm32l1xx_ll_exti.o(i.LL_EXTI_EnableIT_0_31) for LL_EXTI_EnableIT_0_31
    stm32l1xx_ll_exti.o(i.LL_EXTI_Init) refers to stm32l1xx_ll_exti.o(i.LL_EXTI_DisableIT_0_31) for LL_EXTI_DisableIT_0_31
    stm32l1xx_ll_exti.o(i.LL_EXTI_Init) refers to stm32l1xx_ll_exti.o(i.LL_EXTI_EnableEvent_0_31) for LL_EXTI_EnableEvent_0_31
    stm32l1xx_ll_exti.o(i.LL_EXTI_Init) refers to stm32l1xx_ll_exti.o(i.LL_EXTI_EnableRisingTrig_0_31) for LL_EXTI_EnableRisingTrig_0_31
    stm32l1xx_ll_exti.o(i.LL_EXTI_Init) refers to stm32l1xx_ll_exti.o(i.LL_EXTI_EnableFallingTrig_0_31) for LL_EXTI_EnableFallingTrig_0_31
    stm32l1xx_ll_usart.o(i.LL_USART_ClockInit) refers to stm32l1xx_ll_usart.o(i.LL_USART_IsEnabled) for LL_USART_IsEnabled
    stm32l1xx_ll_usart.o(i.LL_USART_DeInit) refers to stm32l1xx_ll_usart.o(i.LL_APB1_GRP1_ForceReset) for LL_APB1_GRP1_ForceReset
    stm32l1xx_ll_usart.o(i.LL_USART_DeInit) refers to stm32l1xx_ll_usart.o(i.LL_APB1_GRP1_ReleaseReset) for LL_APB1_GRP1_ReleaseReset
    stm32l1xx_ll_usart.o(i.LL_USART_Init) refers to stm32l1xx_ll_usart.o(i.LL_USART_IsEnabled) for LL_USART_IsEnabled
    stm32l1xx_ll_usart.o(i.LL_USART_Init) refers to stm32l1xx_ll_rcc.o(i.LL_RCC_GetSystemClocksFreq) for LL_RCC_GetSystemClocksFreq
    stm32l1xx_ll_usart.o(i.LL_USART_Init) refers to stm32l1xx_ll_usart.o(i.LL_USART_SetBaudRate) for LL_USART_SetBaudRate
    stm32l152_glass_lcd.o(i.Convert) refers to stm32l152_glass_lcd.o(.constdata) for NumberMap
    stm32l152_glass_lcd.o(i.Convert) refers to stm32l152_glass_lcd.o(.bss) for Digit
    stm32l152_glass_lcd.o(i.LCD_GLASS_BarLevelConfig) refers to stm32l1xx_ll_lcd.o(i.LL_LCD_Write) for LL_LCD_Write
    stm32l152_glass_lcd.o(i.LCD_GLASS_BarLevelConfig) refers to stm32l1xx_ll_lcd.o(i.LL_LCD_UpdateDisplayRequest) for LL_LCD_UpdateDisplayRequest
    stm32l152_glass_lcd.o(i.LCD_GLASS_BarLevelConfig) refers to stm32l152_glass_lcd.o(.data) for LCDBar
    stm32l152_glass_lcd.o(i.LCD_GLASS_BlinkConfig) refers to stm32l1xx_ll_lcd.o(i.LCD_WaitForSynchro) for LCD_WaitForSynchro
    stm32l152_glass_lcd.o(i.LCD_GLASS_Clear) refers to stm32l1xx_ll_lcd.o(i.LL_LCD_Clear) for LL_LCD_Clear
    stm32l152_glass_lcd.o(i.LCD_GLASS_ClearBar) refers to stm32l1xx_ll_lcd.o(i.LL_LCD_Write) for LL_LCD_Write
    stm32l152_glass_lcd.o(i.LCD_GLASS_ClearBar) refers to stm32l1xx_ll_lcd.o(i.LL_LCD_UpdateDisplayRequest) for LL_LCD_UpdateDisplayRequest
    stm32l152_glass_lcd.o(i.LCD_GLASS_Contrast) refers to stm32l1xx_ll_lcd.o(i.LCD_WaitForSynchro) for LCD_WaitForSynchro
    stm32l152_glass_lcd.o(i.LCD_GLASS_DisplayBar) refers to stm32l1xx_ll_lcd.o(i.LL_LCD_Write) for LL_LCD_Write
    stm32l152_glass_lcd.o(i.LCD_GLASS_DisplayBar) refers to stm32l1xx_ll_lcd.o(i.LL_LCD_UpdateDisplayRequest) for LL_LCD_UpdateDisplayRequest
    stm32l152_glass_lcd.o(i.LCD_GLASS_DisplayChar) refers to stm32l152_glass_lcd.o(i.Convert) for Convert
    stm32l152_glass_lcd.o(i.LCD_GLASS_DisplayChar) refers to stm32l1xx_ll_lcd.o(i.LL_LCD_Write) for LL_LCD_Write
    stm32l152_glass_lcd.o(i.LCD_GLASS_DisplayChar) refers to stm32l152_glass_lcd.o(.bss) for Digit
    stm32l152_glass_lcd.o(i.LCD_GLASS_DisplayChar) refers to stm32l1xx_ll_lcd.o(i.LL_LCD_UpdateDisplayRequest) for LL_LCD_UpdateDisplayRequest
    stm32l152_glass_lcd.o(i.LCD_GLASS_DisplayStrDeci) refers to stm32l152_glass_lcd.o(i.LCD_GLASS_WriteChar) for LCD_GLASS_WriteChar
    stm32l152_glass_lcd.o(i.LCD_GLASS_DisplayString) refers to stm32l152_glass_lcd.o(i.LCD_GLASS_WriteChar) for LCD_GLASS_WriteChar
    stm32l152_glass_lcd.o(i.LCD_GLASS_DisplayString) refers to stm32l1xx_ll_lcd.o(i.LL_LCD_UpdateDisplayRequest) for LL_LCD_UpdateDisplayRequest
    stm32l152_glass_lcd.o(i.LCD_GLASS_Init) refers to stm32l152_glass_lcd.o(i.LCD_MspInit) for LCD_MspInit
    stm32l152_glass_lcd.o(i.LCD_GLASS_Init) refers to stm32l1xx_ll_lcd.o(i.LL_LCD_Init) for LL_LCD_Init
    stm32l152_glass_lcd.o(i.LCD_GLASS_Init) refers to stm32l152_glass_lcd.o(i.LCD_GLASS_Clear) for LCD_GLASS_Clear
    stm32l152_glass_lcd.o(i.LCD_GLASS_Init) refers to stm32l152_glass_lcd.o(.bss) for LCD_InitStructure
    stm32l152_glass_lcd.o(i.LCD_GLASS_ScrollSentence) refers to stm32l152_glass_lcd.o(i.LCD_GLASS_DisplayString) for LCD_GLASS_DisplayString
    stm32l152_glass_lcd.o(i.LCD_GLASS_ScrollSentence) refers to stm32l1xx_ll_utils.o(i.LL_mDelay) for LL_mDelay
    stm32l152_glass_lcd.o(i.LCD_GLASS_ScrollSentence) refers to stm32l152_glass_lcd.o(i.LCD_GLASS_Clear) for LCD_GLASS_Clear
    stm32l152_glass_lcd.o(i.LCD_GLASS_WriteChar) refers to stm32l152_glass_lcd.o(i.LCD_GLASS_DisplayChar) for LCD_GLASS_DisplayChar
    stm32l152_glass_lcd.o(i.LCD_MspInit) refers to rt_memclr_w.o(.text) for __aeabi_memclr4
    stm32l152_glass_lcd.o(i.LCD_MspInit) refers to stm32l152_glass_lcd.o(i.LL_APB1_GRP1_EnableClock) for LL_APB1_GRP1_EnableClock
    stm32l152_glass_lcd.o(i.LCD_MspInit) refers to stm32l152_glass_lcd.o(i.LL_RCC_LSE_IsReady) for LL_RCC_LSE_IsReady
    stm32l152_glass_lcd.o(i.LCD_MspInit) refers to stm32l152_glass_lcd.o(i.LL_AHB1_GRP1_EnableClock) for LL_AHB1_GRP1_EnableClock
    stm32l152_glass_lcd.o(i.LCD_MspInit) refers to stm32l1xx_ll_gpio.o(i.LL_GPIO_Init) for LL_GPIO_Init
    stm32l152_glass_lcd.o(i.LCD_MspInit) refers to stm32l1xx_ll_utils.o(i.LL_mDelay) for LL_mDelay
    usart.o(i.ESP_ClearBuffer) refers to rt_memclr.o(.text) for __aeabi_memclr
    usart.o(i.ESP_IsRecvComp) refers to usart.o(i.rb_get_char) for rb_get_char
    usart.o(i.ESP_IsRecvComp) refers to strstr.o(.text) for strstr
    usart.o(i.ESP_IsRecvComp) refers to usart.o(.data) for test
    usart.o(i.ESP_SendATCmd) refers to usart.o(i.USART_SendCmd) for USART_SendCmd
    usart.o(i.SystemClock_Config) refers to usart.o(i.LL_RCC_HSI_IsReady) for LL_RCC_HSI_IsReady
    usart.o(i.SystemClock_Config) refers to stm32l1xx_ll_utils.o(i.LL_Init1msTick) for LL_Init1msTick
    usart.o(i.SystemClock_Config) refers to stm32l1xx_ll_utils.o(i.LL_SetSystemCoreClock) for LL_SetSystemCoreClock
    usart.o(i.USART1_IRQHandler) refers to usart.o(i.rb_put_char) for rb_put_char
    usart.o(i.USART1_IRQHandler) refers to usart.o(.bss) for uart_buf
    usart.o(i.USART_Config) refers to usart.o(i.USART_GPIO_Config) for USART_GPIO_Config
    usart.o(i.USART_Config) refers to stm32l1xx_ll_usart.o(i.LL_USART_Init) for LL_USART_Init
    usart.o(i.USART_GPIO_Config) refers to stm32l1xx_ll_gpio.o(i.LL_GPIO_Init) for LL_GPIO_Init
    usart.o(i.main) refers to usart.o(i.SystemClock_Config) for SystemClock_Config
    usart.o(i.main) refers to usart.o(i.USART_Config) for USART_Config
    usart.o(i.main) refers to usart.o(i.rb_init) for rb_init
    usart.o(i.main) refers to usart.o(i.ESP_SendATCmd) for ESP_SendATCmd
    usart.o(i.main) refers to usart.o(i.ESP_IsRecvComp) for ESP_IsRecvComp
    usart.o(i.main) refers to strstr.o(.text) for strstr
    usart.o(i.main) refers to usart.o(i.ESP_ClearBuffer) for ESP_ClearBuffer
    usart.o(i.main) refers to usart.o(.bss) for uart_buf
    usart.o(i.main) refers to usart.o(.data) for prog_state
    usart.o(i.rb_get_char) refers to usart.o(i.rb_isempty) for rb_isempty
    usart.o(i.rb_init) refers to rt_memclr.o(.text) for __aeabi_memclr
    usart.o(i.rb_put_char) refers to usart.o(i.rb_isfull) for rb_isfull
    rt_memclr.o(.text) refers to rt_memclr_w.o(.text) for _memset_w
    __main.o(!!!main) refers to __rtentry.o(.ARM.Collect$$rtentry$$00000000) for __rt_entry
    __rtentry.o(.ARM.Collect$$rtentry$$00000000) refers (Special) to __rtentry2.o(.ARM.Collect$$rtentry$$0000000A) for __rt_entry_li
    __rtentry.o(.ARM.Collect$$rtentry$$00000000) refers (Special) to __rtentry2.o(.ARM.Collect$$rtentry$$0000000D) for __rt_entry_main
    __rtentry.o(.ARM.Collect$$rtentry$$00000000) refers (Special) to __rtentry2.o(.ARM.Collect$$rtentry$$0000000C) for __rt_entry_postli_1
    __rtentry.o(.ARM.Collect$$rtentry$$00000000) refers (Special) to __rtentry2.o(.ARM.Collect$$rtentry$$00000009) for __rt_entry_postsh_1
    __rtentry.o(.ARM.Collect$$rtentry$$00000000) refers (Special) to __rtentry2.o(.ARM.Collect$$rtentry$$00000002) for __rt_entry_presh_1
    __rtentry.o(.ARM.Collect$$rtentry$$00000000) refers (Special) to __rtentry4.o(.ARM.Collect$$rtentry$$00000004) for __rt_entry_sh
    __rtentry2.o(.ARM.Collect$$rtentry$$00000008) refers to boardinit2.o(.text) for _platform_post_stackheap_init
    __rtentry2.o(.ARM.Collect$$rtentry$$0000000A) refers to libinit.o(.ARM.Collect$$libinit$$00000000) for __rt_lib_init
    __rtentry2.o(.ARM.Collect$$rtentry$$0000000B) refers to boardinit3.o(.text) for _platform_post_lib_init
    __rtentry2.o(.ARM.Collect$$rtentry$$0000000D) refers to usart.o(i.main) for main
    __rtentry2.o(.ARM.Collect$$rtentry$$0000000D) refers to exit.o(.text) for exit
    __rtentry2.o(.ARM.exidx) refers to __rtentry2.o(.ARM.Collect$$rtentry$$00000001) for .ARM.Collect$$rtentry$$00000001
    __rtentry2.o(.ARM.exidx) refers to __rtentry2.o(.ARM.Collect$$rtentry$$00000008) for .ARM.Collect$$rtentry$$00000008
    __rtentry2.o(.ARM.exidx) refers to __rtentry2.o(.ARM.Collect$$rtentry$$0000000A) for .ARM.Collect$$rtentry$$0000000A
    __rtentry2.o(.ARM.exidx) refers to __rtentry2.o(.ARM.Collect$$rtentry$$0000000B) for .ARM.Collect$$rtentry$$0000000B
    __rtentry2.o(.ARM.exidx) refers to __rtentry2.o(.ARM.Collect$$rtentry$$0000000D) for .ARM.Collect$$rtentry$$0000000D
    __rtentry4.o(.ARM.Collect$$rtentry$$00000004) refers to sys_stackheap_outer.o(.text) for __user_setup_stackheap
    __rtentry4.o(.ARM.exidx) refers to __rtentry4.o(.ARM.Collect$$rtentry$$00000004) for .ARM.Collect$$rtentry$$00000004
    sys_stackheap_outer.o(.text) refers to libspace.o(.text) for __user_perproc_libspace
    sys_stackheap_outer.o(.text) refers to startup_stm32l152xb.o(.text) for __user_initial_stackheap
    exit.o(.text) refers to rtexit.o(.ARM.Collect$$rtexit$$00000000) for __rt_exit
    libinit.o(.ARM.Collect$$libinit$$00000000) refers (Special) to libinit2.o(.ARM.Collect$$libinit$$0000002E) for __rt_lib_init_alloca_1
    libinit.o(.ARM.Collect$$libinit$$00000000) refers (Special) to libinit2.o(.ARM.Collect$$libinit$$0000002C) for __rt_lib_init_argv_1
    libinit.o(.ARM.Collect$$libinit$$00000000) refers (Special) to libinit2.o(.ARM.Collect$$libinit$$0000001B) for __rt_lib_init_atexit_1
    libinit.o(.ARM.Collect$$libinit$$00000000) refers (Special) to libinit2.o(.ARM.Collect$$libinit$$00000021) for __rt_lib_init_clock_1
    libinit.o(.ARM.Collect$$libinit$$00000000) refers (Special) to libinit2.o(.ARM.Collect$$libinit$$00000032) for __rt_lib_init_cpp_1
    libinit.o(.ARM.Collect$$libinit$$00000000) refers (Special) to libinit2.o(.ARM.Collect$$libinit$$00000030) for __rt_lib_init_exceptions_1
    libinit.o(.ARM.Collect$$libinit$$00000000) refers (Special) to libinit2.o(.ARM.Collect$$libinit$$00000002) for __rt_lib_init_fp_1
    libinit.o(.ARM.Collect$$libinit$$00000000) refers (Special) to libinit2.o(.ARM.Collect$$libinit$$0000001F) for __rt_lib_init_fp_trap_1
    libinit.o(.ARM.Collect$$libinit$$00000000) refers (Special) to libinit2.o(.ARM.Collect$$libinit$$00000023) for __rt_lib_init_getenv_1
    libinit.o(.ARM.Collect$$libinit$$00000000) refers (Special) to libinit2.o(.ARM.Collect$$libinit$$0000000A) for __rt_lib_init_heap_1
    libinit.o(.ARM.Collect$$libinit$$00000000) refers (Special) to libinit2.o(.ARM.Collect$$libinit$$00000011) for __rt_lib_init_lc_collate_1
    libinit.o(.ARM.Collect$$libinit$$00000000) refers (Special) to libinit2.o(.ARM.Collect$$libinit$$00000013) for __rt_lib_init_lc_ctype_1
    libinit.o(.ARM.Collect$$libinit$$00000000) refers (Special) to libinit2.o(.ARM.Collect$$libinit$$00000015) for __rt_lib_init_lc_monetary_1
    libinit.o(.ARM.Collect$$libinit$$00000000) refers (Special) to libinit2.o(.ARM.Collect$$libinit$$00000017) for __rt_lib_init_lc_numeric_1
    libinit.o(.ARM.Collect$$libinit$$00000000) refers (Special) to libinit2.o(.ARM.Collect$$libinit$$00000019) for __rt_lib_init_lc_time_1
    libinit.o(.ARM.Collect$$libinit$$00000000) refers (Special) to libinit2.o(.ARM.Collect$$libinit$$00000004) for __rt_lib_init_preinit_1
    libinit.o(.ARM.Collect$$libinit$$00000000) refers (Special) to libinit2.o(.ARM.Collect$$libinit$$0000000E) for __rt_lib_init_rand_1
    libinit.o(.ARM.Collect$$libinit$$00000000) refers (Special) to libinit2.o(.ARM.Collect$$libinit$$00000033) for __rt_lib_init_return
    libinit.o(.ARM.Collect$$libinit$$00000000) refers (Special) to libinit2.o(.ARM.Collect$$libinit$$0000001D) for __rt_lib_init_signal_1
    libinit.o(.ARM.Collect$$libinit$$00000000) refers (Special) to libinit2.o(.ARM.Collect$$libinit$$00000025) for __rt_lib_init_stdio_1
    libinit.o(.ARM.Collect$$libinit$$00000000) refers (Special) to libinit2.o(.ARM.Collect$$libinit$$0000000C) for __rt_lib_init_user_alloc_1
    libspace.o(.text) refers to libspace.o(.bss) for __libspace_start
    rtexit.o(.ARM.Collect$$rtexit$$00000000) refers (Special) to rtexit2.o(.ARM.Collect$$rtexit$$00000004) for __rt_exit_exit
    rtexit.o(.ARM.Collect$$rtexit$$00000000) refers (Special) to rtexit2.o(.ARM.Collect$$rtexit$$00000003) for __rt_exit_ls
    rtexit.o(.ARM.Collect$$rtexit$$00000000) refers (Special) to rtexit2.o(.ARM.Collect$$rtexit$$00000002) for __rt_exit_prels_1
    rtexit.o(.ARM.exidx) refers (Special) to rtexit2.o(.ARM.Collect$$rtexit$$00000004) for __rt_exit_exit
    rtexit.o(.ARM.exidx) refers (Special) to rtexit2.o(.ARM.Collect$$rtexit$$00000003) for __rt_exit_ls
    rtexit.o(.ARM.exidx) refers (Special) to rtexit2.o(.ARM.Collect$$rtexit$$00000002) for __rt_exit_prels_1
    rtexit.o(.ARM.exidx) refers to rtexit.o(.ARM.Collect$$rtexit$$00000000) for .ARM.Collect$$rtexit$$00000000
    libinit2.o(.ARM.Collect$$libinit$$00000010) refers to libinit2.o(.ARM.Collect$$libinit$$0000000F) for .ARM.Collect$$libinit$$0000000F
    libinit2.o(.ARM.Collect$$libinit$$00000012) refers to libinit2.o(.ARM.Collect$$libinit$$0000000F) for .ARM.Collect$$libinit$$0000000F
    libinit2.o(.ARM.Collect$$libinit$$00000014) refers to libinit2.o(.ARM.Collect$$libinit$$0000000F) for .ARM.Collect$$libinit$$0000000F
    libinit2.o(.ARM.Collect$$libinit$$00000016) refers to libinit2.o(.ARM.Collect$$libinit$$0000000F) for .ARM.Collect$$libinit$$0000000F
    libinit2.o(.ARM.Collect$$libinit$$00000018) refers to libinit2.o(.ARM.Collect$$libinit$$0000000F) for .ARM.Collect$$libinit$$0000000F
    libinit2.o(.ARM.Collect$$libinit$$00000026) refers to argv_veneer.o(.emb_text) for __ARM_argv_veneer
    libinit2.o(.ARM.Collect$$libinit$$00000027) refers to argv_veneer.o(.emb_text) for __ARM_argv_veneer
    rtexit2.o(.ARM.Collect$$rtexit$$00000003) refers to libshutdown.o(.ARM.Collect$$libshutdown$$00000000) for __rt_lib_shutdown
    rtexit2.o(.ARM.Collect$$rtexit$$00000004) refers to sys_exit.o(.text) for _sys_exit
    rtexit2.o(.ARM.exidx) refers to rtexit2.o(.ARM.Collect$$rtexit$$00000001) for .ARM.Collect$$rtexit$$00000001
    rtexit2.o(.ARM.exidx) refers to rtexit2.o(.ARM.Collect$$rtexit$$00000003) for .ARM.Collect$$rtexit$$00000003
    rtexit2.o(.ARM.exidx) refers to rtexit2.o(.ARM.Collect$$rtexit$$00000004) for .ARM.Collect$$rtexit$$00000004
    argv_veneer.o(.emb_text) refers to no_argv.o(.text) for __ARM_get_argv
    sys_exit.o(.text) refers (Special) to use_no_semi.o(.text) for __I$use$semihosting
    sys_exit.o(.text) refers (Special) to indicate_semi.o(.text) for __semihosting_library_function
    _get_argv_nomalloc.o(.text) refers (Special) to hrguard.o(.text) for __heap_region$guard
    _get_argv_nomalloc.o(.text) refers to defsig_rtmem_outer.o(.text) for __rt_SIGRTMEM
    _get_argv_nomalloc.o(.text) refers to sys_command.o(.text) for _sys_command_string
    libshutdown.o(.ARM.Collect$$libshutdown$$00000000) refers (Special) to libshutdown2.o(.ARM.Collect$$libshutdown$$00000002) for __rt_lib_shutdown_cpp_1
    libshutdown.o(.ARM.Collect$$libshutdown$$00000000) refers (Special) to libshutdown2.o(.ARM.Collect$$libshutdown$$00000007) for __rt_lib_shutdown_fp_trap_1
    libshutdown.o(.ARM.Collect$$libshutdown$$00000000) refers (Special) to libshutdown2.o(.ARM.Collect$$libshutdown$$0000000F) for __rt_lib_shutdown_heap_1
    libshutdown.o(.ARM.Collect$$libshutdown$$00000000) refers (Special) to libshutdown2.o(.ARM.Collect$$libshutdown$$00000010) for __rt_lib_shutdown_return
    libshutdown.o(.ARM.Collect$$libshutdown$$00000000) refers (Special) to libshutdown2.o(.ARM.Collect$$libshutdown$$0000000A) for __rt_lib_shutdown_signal_1
    libshutdown.o(.ARM.Collect$$libshutdown$$00000000) refers (Special) to libshutdown2.o(.ARM.Collect$$libshutdown$$00000004) for __rt_lib_shutdown_stdio_1
    libshutdown.o(.ARM.Collect$$libshutdown$$00000000) refers (Special) to libshutdown2.o(.ARM.Collect$$libshutdown$$0000000C) for __rt_lib_shutdown_user_alloc_1
    sys_command.o(.text) refers (Special) to use_no_semi.o(.text) for __I$use$semihosting
    sys_command.o(.text) refers (Special) to indicate_semi.o(.text) for __semihosting_library_function
    defsig_rtmem_outer.o(.text) refers to defsig_rtmem_inner.o(.text) for __rt_SIGRTMEM_inner
    defsig_rtmem_outer.o(.text) refers to defsig_exit.o(.text) for __sig_exit
    defsig_rtmem_formal.o(.text) refers to rt_raise.o(.text) for __rt_raise
    rt_raise.o(.text) refers to __raise.o(.text) for __raise
    rt_raise.o(.text) refers to sys_exit.o(.text) for _sys_exit
    defsig_exit.o(.text) refers to sys_exit.o(.text) for _sys_exit
    defsig_rtmem_inner.o(.text) refers to defsig_general.o(.text) for __default_signal_display
    __raise.o(.text) refers to defsig.o(CL$$defsig) for __default_signal_handler
    defsig_general.o(.text) refers to sys_wrch.o(.text) for _ttywrch
    sys_wrch.o(.text) refers (Special) to use_no_semi.o(.text) for __I$use$semihosting
    sys_wrch.o(.text) refers (Special) to indicate_semi.o(.text) for __semihosting_library_function
    defsig.o(CL$$defsig) refers to defsig_rtmem_inner.o(.text) for __rt_SIGRTMEM_inner
    defsig_abrt_inner.o(.text) refers to defsig_general.o(.text) for __default_signal_display
    defsig_fpe_inner.o(.text) refers to defsig_general.o(.text) for __default_signal_display
    defsig_rtred_inner.o(.text) refers to defsig_general.o(.text) for __default_signal_display
    defsig_stak_inner.o(.text) refers to defsig_general.o(.text) for __default_signal_display
    defsig_pvfn_inner.o(.text) refers to defsig_general.o(.text) for __default_signal_display
    defsig_cppl_inner.o(.text) refers to defsig_general.o(.text) for __default_signal_display
    defsig_segv_inner.o(.text) refers to defsig_general.o(.text) for __default_signal_display
    defsig_other.o(.text) refers to defsig_general.o(.text) for __default_signal_display


==============================================================================

Removing Unused input sections from the image.

    Removing system_stm32l1xx.o(.rev16_text), (4 bytes).
    Removing system_stm32l1xx.o(.revsh_text), (4 bytes).
    Removing system_stm32l1xx.o(.rrx_text), (6 bytes).
    Removing system_stm32l1xx.o(i.SystemCoreClockUpdate), (216 bytes).
    Removing stm32l1xx_ll_lcd.o(.rev16_text), (4 bytes).
    Removing stm32l1xx_ll_lcd.o(.revsh_text), (4 bytes).
    Removing stm32l1xx_ll_lcd.o(.rrx_text), (6 bytes).
    Removing stm32l1xx_ll_lcd.o(i.LCD_WaitForSynchro), (24 bytes).
    Removing stm32l1xx_ll_lcd.o(i.LL_LCD_Clear), (52 bytes).
    Removing stm32l1xx_ll_lcd.o(i.LL_LCD_DeInit), (44 bytes).
    Removing stm32l1xx_ll_lcd.o(i.LL_LCD_Init), (180 bytes).
    Removing stm32l1xx_ll_lcd.o(i.LL_LCD_MspDeInit), (2 bytes).
    Removing stm32l1xx_ll_lcd.o(i.LL_LCD_MspInit), (2 bytes).
    Removing stm32l1xx_ll_lcd.o(i.LL_LCD_UpdateDisplayRequest), (44 bytes).
    Removing stm32l1xx_ll_lcd.o(i.LL_LCD_Write), (48 bytes).
    Removing stm32l1xx_ll_gpio.o(.rev16_text), (4 bytes).
    Removing stm32l1xx_ll_gpio.o(.revsh_text), (4 bytes).
    Removing stm32l1xx_ll_gpio.o(.rrx_text), (6 bytes).
    Removing stm32l1xx_ll_gpio.o(i.LL_AHB1_GRP1_ForceReset), (16 bytes).
    Removing stm32l1xx_ll_gpio.o(i.LL_AHB1_GRP1_ReleaseReset), (16 bytes).
    Removing stm32l1xx_ll_gpio.o(i.LL_GPIO_DeInit), (156 bytes).
    Removing stm32l1xx_ll_gpio.o(i.LL_GPIO_StructInit), (22 bytes).
    Removing stm32l1xx_ll_pwr.o(.rev16_text), (4 bytes).
    Removing stm32l1xx_ll_pwr.o(.revsh_text), (4 bytes).
    Removing stm32l1xx_ll_pwr.o(.rrx_text), (6 bytes).
    Removing stm32l1xx_ll_pwr.o(i.LL_PWR_DeInit), (36 bytes).
    Removing stm32l1xx_ll_rcc.o(.rev16_text), (4 bytes).
    Removing stm32l1xx_ll_rcc.o(.revsh_text), (4 bytes).
    Removing stm32l1xx_ll_rcc.o(.rrx_text), (6 bytes).
    Removing stm32l1xx_ll_rcc.o(i.LL_RCC_DeInit), (192 bytes).
    Removing stm32l1xx_ll_utils.o(.rev16_text), (4 bytes).
    Removing stm32l1xx_ll_utils.o(.revsh_text), (4 bytes).
    Removing stm32l1xx_ll_utils.o(.rrx_text), (6 bytes).
    Removing stm32l1xx_ll_utils.o(i.LL_PLL_ConfigSystemClock_HSE), (152 bytes).
    Removing stm32l1xx_ll_utils.o(i.LL_PLL_ConfigSystemClock_HSI), (104 bytes).
    Removing stm32l1xx_ll_utils.o(i.LL_RCC_HSE_IsReady), (16 bytes).
    Removing stm32l1xx_ll_utils.o(i.LL_RCC_HSI_IsReady), (16 bytes).
    Removing stm32l1xx_ll_utils.o(i.LL_RCC_PLL_ConfigDomain_SYS), (28 bytes).
    Removing stm32l1xx_ll_utils.o(i.LL_RCC_PLL_IsReady), (16 bytes).
    Removing stm32l1xx_ll_utils.o(i.LL_mDelay), (40 bytes).
    Removing stm32l1xx_ll_utils.o(i.UTILS_EnablePLLAndSwitchSystem), (212 bytes).
    Removing stm32l1xx_ll_utils.o(i.UTILS_GetPLLOutputFrequency), (60 bytes).
    Removing stm32l1xx_ll_utils.o(i.UTILS_PLL_IsBusy), (16 bytes).
    Removing stm32l1xx_ll_utils.o(i.UTILS_SetFlashLatency), (152 bytes).
    Removing stm32l1xx_ll_tim.o(.rev16_text), (4 bytes).
    Removing stm32l1xx_ll_tim.o(.revsh_text), (4 bytes).
    Removing stm32l1xx_ll_tim.o(.rrx_text), (6 bytes).
    Removing stm32l1xx_ll_tim.o(i.IC1Config), (52 bytes).
    Removing stm32l1xx_ll_tim.o(i.IC2Config), (56 bytes).
    Removing stm32l1xx_ll_tim.o(i.IC3Config), (58 bytes).
    Removing stm32l1xx_ll_tim.o(i.IC4Config), (58 bytes).
    Removing stm32l1xx_ll_tim.o(i.LL_APB1_GRP1_ForceReset), (16 bytes).
    Removing stm32l1xx_ll_tim.o(i.LL_APB1_GRP1_ReleaseReset), (16 bytes).
    Removing stm32l1xx_ll_tim.o(i.LL_APB2_GRP1_ForceReset), (16 bytes).
    Removing stm32l1xx_ll_tim.o(i.LL_APB2_GRP1_ReleaseReset), (16 bytes).
    Removing stm32l1xx_ll_tim.o(i.LL_TIM_DeInit), (200 bytes).
    Removing stm32l1xx_ll_tim.o(i.LL_TIM_ENCODER_Init), (104 bytes).
    Removing stm32l1xx_ll_tim.o(i.LL_TIM_ENCODER_StructInit), (36 bytes).
    Removing stm32l1xx_ll_tim.o(i.LL_TIM_IC_Init), (92 bytes).
    Removing stm32l1xx_ll_tim.o(i.LL_TIM_IC_StructInit), (18 bytes).
    Removing stm32l1xx_ll_tim.o(i.LL_TIM_Init), (132 bytes).
    Removing stm32l1xx_ll_tim.o(i.LL_TIM_OC_Init), (92 bytes).
    Removing stm32l1xx_ll_tim.o(i.LL_TIM_OC_StructInit), (12 bytes).
    Removing stm32l1xx_ll_tim.o(i.LL_TIM_StructInit), (16 bytes).
    Removing stm32l1xx_ll_tim.o(i.OC1Config), (74 bytes).
    Removing stm32l1xx_ll_tim.o(i.OC2Config), (74 bytes).
    Removing stm32l1xx_ll_tim.o(i.OC3Config), (74 bytes).
    Removing stm32l1xx_ll_tim.o(i.OC4Config), (74 bytes).
    Removing stm32l1xx_ll_tim.o(.constdata), (28 bytes).
    Removing stm32l1xx_ll_exti.o(.rev16_text), (4 bytes).
    Removing stm32l1xx_ll_exti.o(.revsh_text), (4 bytes).
    Removing stm32l1xx_ll_exti.o(.rrx_text), (6 bytes).
    Removing stm32l1xx_ll_exti.o(i.LL_EXTI_DeInit), (40 bytes).
    Removing stm32l1xx_ll_exti.o(i.LL_EXTI_DisableEvent_0_31), (16 bytes).
    Removing stm32l1xx_ll_exti.o(i.LL_EXTI_DisableIT_0_31), (16 bytes).
    Removing stm32l1xx_ll_exti.o(i.LL_EXTI_EnableEvent_0_31), (16 bytes).
    Removing stm32l1xx_ll_exti.o(i.LL_EXTI_EnableFallingTrig_0_31), (16 bytes).
    Removing stm32l1xx_ll_exti.o(i.LL_EXTI_EnableIT_0_31), (16 bytes).
    Removing stm32l1xx_ll_exti.o(i.LL_EXTI_EnableRisingTrig_0_31), (16 bytes).
    Removing stm32l1xx_ll_exti.o(i.LL_EXTI_Init), (188 bytes).
    Removing stm32l1xx_ll_exti.o(i.LL_EXTI_StructInit), (14 bytes).
    Removing stm32l1xx_ll_usart.o(.rev16_text), (4 bytes).
    Removing stm32l1xx_ll_usart.o(.revsh_text), (4 bytes).
    Removing stm32l1xx_ll_usart.o(.rrx_text), (6 bytes).
    Removing stm32l1xx_ll_usart.o(i.LL_APB1_GRP1_ForceReset), (16 bytes).
    Removing stm32l1xx_ll_usart.o(i.LL_APB1_GRP1_ReleaseReset), (16 bytes).
    Removing stm32l1xx_ll_usart.o(i.LL_USART_ClockInit), (66 bytes).
    Removing stm32l1xx_ll_usart.o(i.LL_USART_ClockStructInit), (12 bytes).
    Removing stm32l1xx_ll_usart.o(i.LL_USART_DeInit), (112 bytes).
    Removing stm32l1xx_ll_usart.o(i.LL_USART_StructInit), (26 bytes).
    Removing stm32l1xx_ll_spi.o(.rev16_text), (4 bytes).
    Removing stm32l1xx_ll_spi.o(.revsh_text), (4 bytes).
    Removing stm32l1xx_ll_spi.o(.rrx_text), (6 bytes).
    Removing stm32l1xx_ll_spi.o(i.LL_SPI_DeInit), (96 bytes).
    Removing stm32l1xx_ll_spi.o(i.LL_SPI_Init), (100 bytes).
    Removing stm32l1xx_ll_spi.o(i.LL_SPI_StructInit), (26 bytes).
    Removing stm32l152_glass_lcd.o(.rev16_text), (4 bytes).
    Removing stm32l152_glass_lcd.o(.revsh_text), (4 bytes).
    Removing stm32l152_glass_lcd.o(.rrx_text), (6 bytes).
    Removing stm32l152_glass_lcd.o(i.Convert), (208 bytes).
    Removing stm32l152_glass_lcd.o(i.LCD_GLASS_BarLevelConfig), (200 bytes).
    Removing stm32l152_glass_lcd.o(i.LCD_GLASS_BlinkConfig), (40 bytes).
    Removing stm32l152_glass_lcd.o(i.LCD_GLASS_Clear), (8 bytes).
    Removing stm32l152_glass_lcd.o(i.LCD_GLASS_ClearBar), (108 bytes).
    Removing stm32l152_glass_lcd.o(i.LCD_GLASS_Contrast), (32 bytes).
    Removing stm32l152_glass_lcd.o(i.LCD_GLASS_DisplayBar), (108 bytes).
    Removing stm32l152_glass_lcd.o(i.LCD_GLASS_DisplayChar), (1480 bytes).
    Removing stm32l152_glass_lcd.o(i.LCD_GLASS_DisplayStrDeci), (112 bytes).
    Removing stm32l152_glass_lcd.o(i.LCD_GLASS_DisplayString), (58 bytes).
    Removing stm32l152_glass_lcd.o(i.LCD_GLASS_Init), (76 bytes).
    Removing stm32l152_glass_lcd.o(i.LCD_GLASS_ScrollSentence), (208 bytes).
    Removing stm32l152_glass_lcd.o(i.LCD_GLASS_WriteChar), (28 bytes).
    Removing stm32l152_glass_lcd.o(i.LCD_MspInit), (248 bytes).
    Removing stm32l152_glass_lcd.o(i.LL_AHB1_GRP1_EnableClock), (28 bytes).
    Removing stm32l152_glass_lcd.o(i.LL_APB1_GRP1_EnableClock), (28 bytes).
    Removing stm32l152_glass_lcd.o(i.LL_RCC_LSE_IsReady), (16 bytes).
    Removing stm32l152_glass_lcd.o(.bss), (64 bytes).
    Removing stm32l152_glass_lcd.o(.constdata), (72 bytes).
    Removing stm32l152_glass_lcd.o(.data), (2 bytes).
    Removing usart.o(.rev16_text), (4 bytes).
    Removing usart.o(.revsh_text), (4 bytes).
    Removing usart.o(.rrx_text), (6 bytes).
    Removing usart.o(.constdata), (28 bytes).

123 unused section(s) (total 7304 bytes) removed from the image.

==============================================================================

Image Symbol Table

    Local Symbols

    Symbol Name                              Value     Ov Type        Size  Object(Section)

    ../clib/angel/boardlib.s                 0x00000000   Number         0  boardinit2.o ABSOLUTE
    ../clib/angel/boardlib.s                 0x00000000   Number         0  boardinit3.o ABSOLUTE
    ../clib/angel/boardlib.s                 0x00000000   Number         0  boardinit1.o ABSOLUTE
    ../clib/angel/boardlib.s                 0x00000000   Number         0  boardshut.o ABSOLUTE
    ../clib/angel/handlers.s                 0x00000000   Number         0  __scatter_zi.o ABSOLUTE
    ../clib/angel/handlers.s                 0x00000000   Number         0  __scatter_copy.o ABSOLUTE
    ../clib/angel/kernel.s                   0x00000000   Number         0  rtexit.o ABSOLUTE
    ../clib/angel/kernel.s                   0x00000000   Number         0  rtexit2.o ABSOLUTE
    ../clib/angel/kernel.s                   0x00000000   Number         0  __rtentry4.o ABSOLUTE
    ../clib/angel/kernel.s                   0x00000000   Number         0  __rtentry2.o ABSOLUTE
    ../clib/angel/kernel.s                   0x00000000   Number         0  __rtentry.o ABSOLUTE
    ../clib/angel/rt.s                       0x00000000   Number         0  rt_raise.o ABSOLUTE
    ../clib/angel/scatter.s                  0x00000000   Number         0  __scatter.o ABSOLUTE
    ../clib/angel/startup.s                  0x00000000   Number         0  __main.o ABSOLUTE
    ../clib/angel/sys.s                      0x00000000   Number         0  indicate_semi.o ABSOLUTE
    ../clib/angel/sys.s                      0x00000000   Number         0  use_no_semi.o ABSOLUTE
    ../clib/angel/sys.s                      0x00000000   Number         0  sys_stackheap_outer.o ABSOLUTE
    ../clib/angel/sys.s                      0x00000000   Number         0  libspace.o ABSOLUTE
    ../clib/angel/sysapp.c                   0x00000000   Number         0  sys_command.o ABSOLUTE
    ../clib/angel/sysapp.c                   0x00000000   Number         0  sys_wrch.o ABSOLUTE
    ../clib/angel/sysapp.c                   0x00000000   Number         0  sys_exit.o ABSOLUTE
    ../clib/armsys.c                         0x00000000   Number         0  argv_veneer.o ABSOLUTE
    ../clib/armsys.c                         0x00000000   Number         0  _get_argv_nomalloc.o ABSOLUTE
    ../clib/armsys.c                         0x00000000   Number         0  argv_veneer.o ABSOLUTE
    ../clib/armsys.c                         0x00000000   Number         0  no_argv.o ABSOLUTE
    ../clib/heapalloc.c                      0x00000000   Number         0  hrguard.o ABSOLUTE
    ../clib/heapaux.c                        0x00000000   Number         0  heapauxi.o ABSOLUTE
    ../clib/libinit.s                        0x00000000   Number         0  libinit.o ABSOLUTE
    ../clib/libinit.s                        0x00000000   Number         0  libshutdown2.o ABSOLUTE
    ../clib/libinit.s                        0x00000000   Number         0  libinit2.o ABSOLUTE
    ../clib/libinit.s                        0x00000000   Number         0  libshutdown.o ABSOLUTE
    ../clib/memcpset.s                       0x00000000   Number         0  rt_memclr_w.o ABSOLUTE
    ../clib/memcpset.s                       0x00000000   Number         0  rt_memclr.o ABSOLUTE
    ../clib/signal.c                         0x00000000   Number         0  defsig_rtmem_formal.o ABSOLUTE
    ../clib/signal.c                         0x00000000   Number         0  defsig_rtred_inner.o ABSOLUTE
    ../clib/signal.c                         0x00000000   Number         0  defsig_rtmem_outer.o ABSOLUTE
    ../clib/signal.c                         0x00000000   Number         0  __raise.o ABSOLUTE
    ../clib/signal.c                         0x00000000   Number         0  defsig_general.o ABSOLUTE
    ../clib/signal.c                         0x00000000   Number         0  defsig_exit.o ABSOLUTE
    ../clib/signal.c                         0x00000000   Number         0  defsig_abrt_inner.o ABSOLUTE
    ../clib/signal.c                         0x00000000   Number         0  defsig_fpe_inner.o ABSOLUTE
    ../clib/signal.c                         0x00000000   Number         0  defsig_stak_inner.o ABSOLUTE
    ../clib/signal.c                         0x00000000   Number         0  defsig_pvfn_inner.o ABSOLUTE
    ../clib/signal.c                         0x00000000   Number         0  defsig_cppl_inner.o ABSOLUTE
    ../clib/signal.c                         0x00000000   Number         0  defsig_segv_inner.o ABSOLUTE
    ../clib/signal.c                         0x00000000   Number         0  defsig_other.o ABSOLUTE
    ../clib/signal.c                         0x00000000   Number         0  defsig_rtmem_inner.o ABSOLUTE
    ../clib/signal.s                         0x00000000   Number         0  defsig.o ABSOLUTE
    ../clib/stdlib.c                         0x00000000   Number         0  exit.o ABSOLUTE
    ../clib/string.c                         0x00000000   Number         0  strstr.o ABSOLUTE
    ../fplib/fpinit.s                        0x00000000   Number         0  fpinit.o ABSOLUTE
    ..\..\..\Drivers\CMSIS\Device\ST\STM32L1xx\Source\Templates\arm\startup_stm32l152xb.s 0x00000000   Number         0  startup_stm32l152xb.o ABSOLUTE
    ..\..\..\Drivers\STM32L1xx_HAL_Driver\Src\stm32l1xx_ll_exti.c 0x00000000   Number         0  stm32l1xx_ll_exti.o ABSOLUTE
    ..\..\..\Drivers\STM32L1xx_HAL_Driver\Src\stm32l1xx_ll_gpio.c 0x00000000   Number         0  stm32l1xx_ll_gpio.o ABSOLUTE
    ..\..\..\Drivers\STM32L1xx_HAL_Driver\Src\stm32l1xx_ll_pwr.c 0x00000000   Number         0  stm32l1xx_ll_pwr.o ABSOLUTE
    ..\..\..\Drivers\STM32L1xx_HAL_Driver\Src\stm32l1xx_ll_rcc.c 0x00000000   Number         0  stm32l1xx_ll_rcc.o ABSOLUTE
    ..\..\..\Drivers\STM32L1xx_HAL_Driver\Src\stm32l1xx_ll_spi.c 0x00000000   Number         0  stm32l1xx_ll_spi.o ABSOLUTE
    ..\..\..\Drivers\STM32L1xx_HAL_Driver\Src\stm32l1xx_ll_tim.c 0x00000000   Number         0  stm32l1xx_ll_tim.o ABSOLUTE
    ..\..\..\Drivers\STM32L1xx_HAL_Driver\Src\stm32l1xx_ll_usart.c 0x00000000   Number         0  stm32l1xx_ll_usart.o ABSOLUTE
    ..\..\..\Drivers\STM32L1xx_HAL_Driver\Src\stm32l1xx_ll_utils.c 0x00000000   Number         0  stm32l1xx_ll_utils.o ABSOLUTE
    ..\\..\\..\\Drivers\\STM32L1xx_HAL_Driver\\Src\\stm32l1xx_ll_exti.c 0x00000000   Number         0  stm32l1xx_ll_exti.o ABSOLUTE
    ..\\..\\..\\Drivers\\STM32L1xx_HAL_Driver\\Src\\stm32l1xx_ll_gpio.c 0x00000000   Number         0  stm32l1xx_ll_gpio.o ABSOLUTE
    ..\\..\\..\\Drivers\\STM32L1xx_HAL_Driver\\Src\\stm32l1xx_ll_pwr.c 0x00000000   Number         0  stm32l1xx_ll_pwr.o ABSOLUTE
    ..\\..\\..\\Drivers\\STM32L1xx_HAL_Driver\\Src\\stm32l1xx_ll_rcc.c 0x00000000   Number         0  stm32l1xx_ll_rcc.o ABSOLUTE
    ..\\..\\..\\Drivers\\STM32L1xx_HAL_Driver\\Src\\stm32l1xx_ll_spi.c 0x00000000   Number         0  stm32l1xx_ll_spi.o ABSOLUTE
    ..\\..\\..\\Drivers\\STM32L1xx_HAL_Driver\\Src\\stm32l1xx_ll_tim.c 0x00000000   Number         0  stm32l1xx_ll_tim.o ABSOLUTE
    ..\\..\\..\\Drivers\\STM32L1xx_HAL_Driver\\Src\\stm32l1xx_ll_usart.c 0x00000000   Number         0  stm32l1xx_ll_usart.o ABSOLUTE
    ..\\..\\..\\Drivers\\STM32L1xx_HAL_Driver\\Src\\stm32l1xx_ll_utils.c 0x00000000   Number         0  stm32l1xx_ll_utils.o ABSOLUTE
    ..\\src\\stm32l152_glass_lcd.c           0x00000000   Number         0  stm32l152_glass_lcd.o ABSOLUTE
    ..\\src\\stm32l1xx_ll_lcd.c              0x00000000   Number         0  stm32l1xx_ll_lcd.o ABSOLUTE
    ..\\src\\system_stm32l1xx.c              0x00000000   Number         0  system_stm32l1xx.o ABSOLUTE
    ..\\src\\usart.c                         0x00000000   Number         0  usart.o ABSOLUTE
    ..\src\stm32l152_glass_lcd.c             0x00000000   Number         0  stm32l152_glass_lcd.o ABSOLUTE
    ..\src\stm32l1xx_ll_lcd.c                0x00000000   Number         0  stm32l1xx_ll_lcd.o ABSOLUTE
    ..\src\system_stm32l1xx.c                0x00000000   Number         0  system_stm32l1xx.o ABSOLUTE
    ..\src\usart.c                           0x00000000   Number         0  usart.o ABSOLUTE
    dc.s                                     0x00000000   Number         0  dc.o ABSOLUTE
    RESET                                    0x08000000   Section      244  startup_stm32l152xb.o(RESET)
    !!!main                                  0x080000f4   Section        8  __main.o(!!!main)
    !!!scatter                               0x080000fc   Section       52  __scatter.o(!!!scatter)
    !!handler_copy                           0x08000130   Section       26  __scatter_copy.o(!!handler_copy)
    !!handler_zi                             0x0800014c   Section       28  __scatter_zi.o(!!handler_zi)
    .ARM.Collect$$libinit$$00000000          0x08000168   Section        2  libinit.o(.ARM.Collect$$libinit$$00000000)
    .ARM.Collect$$libinit$$00000002          0x0800016a   Section        0  libinit2.o(.ARM.Collect$$libinit$$00000002)
    .ARM.Collect$$libinit$$00000004          0x0800016a   Section        0  libinit2.o(.ARM.Collect$$libinit$$00000004)
    .ARM.Collect$$libinit$$0000000A          0x0800016a   Section        0  libinit2.o(.ARM.Collect$$libinit$$0000000A)
    .ARM.Collect$$libinit$$0000000C          0x0800016a   Section        0  libinit2.o(.ARM.Collect$$libinit$$0000000C)
    .ARM.Collect$$libinit$$0000000E          0x0800016a   Section        0  libinit2.o(.ARM.Collect$$libinit$$0000000E)
    .ARM.Collect$$libinit$$00000011          0x0800016a   Section        0  libinit2.o(.ARM.Collect$$libinit$$00000011)
    .ARM.Collect$$libinit$$00000013          0x0800016a   Section        0  libinit2.o(.ARM.Collect$$libinit$$00000013)
    .ARM.Collect$$libinit$$00000015          0x0800016a   Section        0  libinit2.o(.ARM.Collect$$libinit$$00000015)
    .ARM.Collect$$libinit$$00000017          0x0800016a   Section        0  libinit2.o(.ARM.Collect$$libinit$$00000017)
    .ARM.Collect$$libinit$$00000019          0x0800016a   Section        0  libinit2.o(.ARM.Collect$$libinit$$00000019)
    .ARM.Collect$$libinit$$0000001B          0x0800016a   Section        0  libinit2.o(.ARM.Collect$$libinit$$0000001B)
    .ARM.Collect$$libinit$$0000001D          0x0800016a   Section        0  libinit2.o(.ARM.Collect$$libinit$$0000001D)
    .ARM.Collect$$libinit$$0000001F          0x0800016a   Section        0  libinit2.o(.ARM.Collect$$libinit$$0000001F)
    .ARM.Collect$$libinit$$00000021          0x0800016a   Section        0  libinit2.o(.ARM.Collect$$libinit$$00000021)
    .ARM.Collect$$libinit$$00000023          0x0800016a   Section        0  libinit2.o(.ARM.Collect$$libinit$$00000023)
    .ARM.Collect$$libinit$$00000025          0x0800016a   Section        0  libinit2.o(.ARM.Collect$$libinit$$00000025)
    .ARM.Collect$$libinit$$0000002C          0x0800016a   Section        0  libinit2.o(.ARM.Collect$$libinit$$0000002C)
    .ARM.Collect$$libinit$$0000002E          0x0800016a   Section        0  libinit2.o(.ARM.Collect$$libinit$$0000002E)
    .ARM.Collect$$libinit$$00000030          0x0800016a   Section        0  libinit2.o(.ARM.Collect$$libinit$$00000030)
    .ARM.Collect$$libinit$$00000032          0x0800016a   Section        0  libinit2.o(.ARM.Collect$$libinit$$00000032)
    .ARM.Collect$$libinit$$00000033          0x0800016a   Section        2  libinit2.o(.ARM.Collect$$libinit$$00000033)
    .ARM.Collect$$libshutdown$$00000000      0x0800016c   Section        2  libshutdown.o(.ARM.Collect$$libshutdown$$00000000)
    .ARM.Collect$$libshutdown$$00000002      0x0800016e   Section        0  libshutdown2.o(.ARM.Collect$$libshutdown$$00000002)
    .ARM.Collect$$libshutdown$$00000004      0x0800016e   Section        0  libshutdown2.o(.ARM.Collect$$libshutdown$$00000004)
    .ARM.Collect$$libshutdown$$00000007      0x0800016e   Section        0  libshutdown2.o(.ARM.Collect$$libshutdown$$00000007)
    .ARM.Collect$$libshutdown$$0000000A      0x0800016e   Section        0  libshutdown2.o(.ARM.Collect$$libshutdown$$0000000A)
    .ARM.Collect$$libshutdown$$0000000C      0x0800016e   Section        0  libshutdown2.o(.ARM.Collect$$libshutdown$$0000000C)
    .ARM.Collect$$libshutdown$$0000000F      0x0800016e   Section        0  libshutdown2.o(.ARM.Collect$$libshutdown$$0000000F)
    .ARM.Collect$$libshutdown$$00000010      0x0800016e   Section        2  libshutdown2.o(.ARM.Collect$$libshutdown$$00000010)
    .ARM.Collect$$rtentry$$00000000          0x08000170   Section        0  __rtentry.o(.ARM.Collect$$rtentry$$00000000)
    .ARM.Collect$$rtentry$$00000002          0x08000170   Section        0  __rtentry2.o(.ARM.Collect$$rtentry$$00000002)
    .ARM.Collect$$rtentry$$00000004          0x08000170   Section        6  __rtentry4.o(.ARM.Collect$$rtentry$$00000004)
    .ARM.Collect$$rtentry$$00000009          0x08000176   Section        0  __rtentry2.o(.ARM.Collect$$rtentry$$00000009)
    .ARM.Collect$$rtentry$$0000000A          0x08000176   Section        4  __rtentry2.o(.ARM.Collect$$rtentry$$0000000A)
    .ARM.Collect$$rtentry$$0000000C          0x0800017a   Section        0  __rtentry2.o(.ARM.Collect$$rtentry$$0000000C)
    .ARM.Collect$$rtentry$$0000000D          0x0800017a   Section        8  __rtentry2.o(.ARM.Collect$$rtentry$$0000000D)
    .ARM.Collect$$rtexit$$00000000           0x08000182   Section        2  rtexit.o(.ARM.Collect$$rtexit$$00000000)
    .ARM.Collect$$rtexit$$00000002           0x08000184   Section        0  rtexit2.o(.ARM.Collect$$rtexit$$00000002)
    .ARM.Collect$$rtexit$$00000003           0x08000184   Section        4  rtexit2.o(.ARM.Collect$$rtexit$$00000003)
    .ARM.Collect$$rtexit$$00000004           0x08000188   Section        6  rtexit2.o(.ARM.Collect$$rtexit$$00000004)
    .text                                    0x08000190   Section       64  startup_stm32l152xb.o(.text)
    .text                                    0x080001d0   Section        0  strstr.o(.text)
    .text                                    0x080001f4   Section       68  rt_memclr.o(.text)
    .text                                    0x08000238   Section       78  rt_memclr_w.o(.text)
    .text                                    0x08000286   Section        0  heapauxi.o(.text)
    .text                                    0x0800028c   Section       74  sys_stackheap_outer.o(.text)
    .text                                    0x080002d6   Section        0  exit.o(.text)
    .text                                    0x080002e8   Section        8  libspace.o(.text)
    .text                                    0x080002f0   Section        0  sys_exit.o(.text)
    .text                                    0x080002fc   Section        2  use_no_semi.o(.text)
    .text                                    0x080002fe   Section        0  indicate_semi.o(.text)
    i.ESP_ClearBuffer                        0x080002fe   Section        0  usart.o(i.ESP_ClearBuffer)
    i.ESP_IsRecvComp                         0x08000314   Section        0  usart.o(i.ESP_IsRecvComp)
    i.ESP_SendATCmd                          0x08000368   Section        0  usart.o(i.ESP_SendATCmd)
    i.LL_GPIO_Init                           0x08000386   Section        0  stm32l1xx_ll_gpio.o(i.LL_GPIO_Init)
    i.LL_Init1msTick                         0x080004ca   Section        0  stm32l1xx_ll_utils.o(i.LL_Init1msTick)
    i.LL_RCC_GetSystemClocksFreq             0x080004e6   Section        0  stm32l1xx_ll_rcc.o(i.LL_RCC_GetSystemClocksFreq)
    i.LL_RCC_HSI_IsReady                     0x0800050c   Section        0  usart.o(i.LL_RCC_HSI_IsReady)
    LL_RCC_HSI_IsReady                       0x0800050d   Thumb Code    10  usart.o(i.LL_RCC_HSI_IsReady)
    i.LL_SetSystemCoreClock                  0x0800051c   Section        0  stm32l1xx_ll_utils.o(i.LL_SetSystemCoreClock)
    i.LL_USART_Init                          0x08000528   Section        0  stm32l1xx_ll_usart.o(i.LL_USART_Init)
    i.LL_USART_IsEnabled                     0x080005c0   Section        0  stm32l1xx_ll_usart.o(i.LL_USART_IsEnabled)
    LL_USART_IsEnabled                       0x080005c1   Thumb Code    10  stm32l1xx_ll_usart.o(i.LL_USART_IsEnabled)
    i.LL_USART_SetBaudRate                   0x080005ca   Section        0  stm32l1xx_ll_usart.o(i.LL_USART_SetBaudRate)
    LL_USART_SetBaudRate                     0x080005cb   Thumb Code   322  stm32l1xx_ll_usart.o(i.LL_USART_SetBaudRate)
    i.RCC_GetHCLKClockFreq                   0x0800070c   Section        0  stm32l1xx_ll_rcc.o(i.RCC_GetHCLKClockFreq)
    i.RCC_GetPCLK1ClockFreq                  0x0800072c   Section        0  stm32l1xx_ll_rcc.o(i.RCC_GetPCLK1ClockFreq)
    i.RCC_GetPCLK2ClockFreq                  0x08000750   Section        0  stm32l1xx_ll_rcc.o(i.RCC_GetPCLK2ClockFreq)
    i.RCC_GetSystemClockFreq                 0x08000774   Section        0  stm32l1xx_ll_rcc.o(i.RCC_GetSystemClockFreq)
    i.RCC_PLL_GetFreqDomain_SYS              0x080007fc   Section        0  stm32l1xx_ll_rcc.o(i.RCC_PLL_GetFreqDomain_SYS)
    i.SystemClock_Config                     0x08000874   Section        0  usart.o(i.SystemClock_Config)
    i.SystemInit                             0x080009b8   Section        0  system_stm32l1xx.o(i.SystemInit)
    i.USART1_IRQHandler                      0x08000a1c   Section        0  usart.o(i.USART1_IRQHandler)
    i.USART_Config                           0x08000a48   Section        0  usart.o(i.USART_Config)
    i.USART_GPIO_Config                      0x08000af4   Section        0  usart.o(i.USART_GPIO_Config)
    i.USART_SendCmd                          0x08000b4c   Section        0  usart.o(i.USART_SendCmd)
    i.main                                   0x08000b7c   Section        0  usart.o(i.main)
    i.rb_get_char                            0x08000d14   Section        0  usart.o(i.rb_get_char)
    i.rb_init                                0x08000d38   Section        0  usart.o(i.rb_init)
    i.rb_isempty                             0x08000d50   Section        0  usart.o(i.rb_isempty)
    i.rb_isfull                              0x08000d6a   Section        0  usart.o(i.rb_isfull)
    i.rb_put_char                            0x08000d8c   Section        0  usart.o(i.rb_put_char)
    .constdata                               0x08000dd8   Section       33  system_stm32l1xx.o(.constdata)
    .data                                    0x20000000   Section        4  system_stm32l1xx.o(.data)
    .data                                    0x20000004   Section        6  usart.o(.data)
    .bss                                     0x2000000c   Section      267  usart.o(.bss)
    .bss                                     0x20000118   Section       96  libspace.o(.bss)
    HEAP                                     0x20000178   Section      512  startup_stm32l152xb.o(HEAP)
    Heap_Mem                                 0x20000178   Data         512  startup_stm32l152xb.o(HEAP)
    STACK                                    0x20000378   Section     1024  startup_stm32l152xb.o(STACK)
    Stack_Mem                                0x20000378   Data        1024  startup_stm32l152xb.o(STACK)
    __initial_sp                             0x20000778   Data           0  startup_stm32l152xb.o(STACK)

    Global Symbols

    Symbol Name                              Value     Ov Type        Size  Object(Section)

    BuildAttributes$$THM_ISAv4$P$D$K$B$S$PE$A:L22UL41UL21$X:L11$S22US41US21$IEEE1$IW$USESV6$~STKCKD$USESV7$~SHL$OSPACE$ROPI$EBA8$UX$STANDARDLIB$REQ8$PRES8$EABIv2 0x00000000   Number         0  anon$$obj.o ABSOLUTE
    __ARM_use_no_argv                        0x00000000   Number         0  usart.o ABSOLUTE
    __ARM_exceptions_init                     - Undefined Weak Reference
    __alloca_initialize                       - Undefined Weak Reference
    __arm_preinit_                            - Undefined Weak Reference
    __cpp_initialize__aeabi_                  - Undefined Weak Reference
    __cxa_finalize                            - Undefined Weak Reference
    __rt_locale                               - Undefined Weak Reference
    __sigvec_lookup                           - Undefined Weak Reference
    _atexit_init                              - Undefined Weak Reference
    _call_atexit_fns                          - Undefined Weak Reference
    _clock_init                               - Undefined Weak Reference
    _fp_trap_init                             - Undefined Weak Reference
    _fp_trap_shutdown                         - Undefined Weak Reference
    _get_lc_collate                           - Undefined Weak Reference
    _get_lc_ctype                             - Undefined Weak Reference
    _get_lc_monetary                          - Undefined Weak Reference
    _get_lc_numeric                           - Undefined Weak Reference
    _get_lc_time                              - Undefined Weak Reference
    _getenv_init                              - Undefined Weak Reference
    _handle_redirection                       - Undefined Weak Reference
    _init_alloc                               - Undefined Weak Reference
    _init_user_alloc                          - Undefined Weak Reference
    _initio                                   - Undefined Weak Reference
    _rand_init                                - Undefined Weak Reference
    _signal_finish                            - Undefined Weak Reference
    _signal_init                              - Undefined Weak Reference
    _terminate_alloc                          - Undefined Weak Reference
    _terminate_user_alloc                     - Undefined Weak Reference
    _terminateio                              - Undefined Weak Reference
    __Vectors_Size                           0x000000f4   Number         0  startup_stm32l152xb.o ABSOLUTE
    __Vectors                                0x08000000   Data           4  startup_stm32l152xb.o(RESET)
    __Vectors_End                            0x080000f4   Data           0  startup_stm32l152xb.o(RESET)
    __main                                   0x080000f5   Thumb Code     8  __main.o(!!!main)
    __scatterload                            0x080000fd   Thumb Code     0  __scatter.o(!!!scatter)
    __scatterload_rt2                        0x080000fd   Thumb Code    44  __scatter.o(!!!scatter)
    __scatterload_rt2_thumb_only             0x080000fd   Thumb Code     0  __scatter.o(!!!scatter)
    __scatterload_null                       0x0800010b   Thumb Code     0  __scatter.o(!!!scatter)
    __scatterload_copy                       0x08000131   Thumb Code    26  __scatter_copy.o(!!handler_copy)
    __scatterload_zeroinit                   0x0800014d   Thumb Code    28  __scatter_zi.o(!!handler_zi)
    __rt_lib_init                            0x08000169   Thumb Code     0  libinit.o(.ARM.Collect$$libinit$$00000000)
    __rt_lib_init_alloca_1                   0x0800016b   Thumb Code     0  libinit2.o(.ARM.Collect$$libinit$$0000002E)
    __rt_lib_init_argv_1                     0x0800016b   Thumb Code     0  libinit2.o(.ARM.Collect$$libinit$$0000002C)
    __rt_lib_init_atexit_1                   0x0800016b   Thumb Code     0  libinit2.o(.ARM.Collect$$libinit$$0000001B)
    __rt_lib_init_clock_1                    0x0800016b   Thumb Code     0  libinit2.o(.ARM.Collect$$libinit$$00000021)
    __rt_lib_init_cpp_1                      0x0800016b   Thumb Code     0  libinit2.o(.ARM.Collect$$libinit$$00000032)
    __rt_lib_init_exceptions_1               0x0800016b   Thumb Code     0  libinit2.o(.ARM.Collect$$libinit$$00000030)
    __rt_lib_init_fp_1                       0x0800016b   Thumb Code     0  libinit2.o(.ARM.Collect$$libinit$$00000002)
    __rt_lib_init_fp_trap_1                  0x0800016b   Thumb Code     0  libinit2.o(.ARM.Collect$$libinit$$0000001F)
    __rt_lib_init_getenv_1                   0x0800016b   Thumb Code     0  libinit2.o(.ARM.Collect$$libinit$$00000023)
    __rt_lib_init_heap_1                     0x0800016b   Thumb Code     0  libinit2.o(.ARM.Collect$$libinit$$0000000A)
    __rt_lib_init_lc_collate_1               0x0800016b   Thumb Code     0  libinit2.o(.ARM.Collect$$libinit$$00000011)
    __rt_lib_init_lc_ctype_1                 0x0800016b   Thumb Code     0  libinit2.o(.ARM.Collect$$libinit$$00000013)
    __rt_lib_init_lc_monetary_1              0x0800016b   Thumb Code     0  libinit2.o(.ARM.Collect$$libinit$$00000015)
    __rt_lib_init_lc_numeric_1               0x0800016b   Thumb Code     0  libinit2.o(.ARM.Collect$$libinit$$00000017)
    __rt_lib_init_lc_time_1                  0x0800016b   Thumb Code     0  libinit2.o(.ARM.Collect$$libinit$$00000019)
    __rt_lib_init_preinit_1                  0x0800016b   Thumb Code     0  libinit2.o(.ARM.Collect$$libinit$$00000004)
    __rt_lib_init_rand_1                     0x0800016b   Thumb Code     0  libinit2.o(.ARM.Collect$$libinit$$0000000E)
    __rt_lib_init_return                     0x0800016b   Thumb Code     0  libinit2.o(.ARM.Collect$$libinit$$00000033)
    __rt_lib_init_signal_1                   0x0800016b   Thumb Code     0  libinit2.o(.ARM.Collect$$libinit$$0000001D)
    __rt_lib_init_stdio_1                    0x0800016b   Thumb Code     0  libinit2.o(.ARM.Collect$$libinit$$00000025)
    __rt_lib_init_user_alloc_1               0x0800016b   Thumb Code     0  libinit2.o(.ARM.Collect$$libinit$$0000000C)
    __rt_lib_shutdown                        0x0800016d   Thumb Code     0  libshutdown.o(.ARM.Collect$$libshutdown$$00000000)
    __rt_lib_shutdown_cpp_1                  0x0800016f   Thumb Code     0  libshutdown2.o(.ARM.Collect$$libshutdown$$00000002)
    __rt_lib_shutdown_fp_trap_1              0x0800016f   Thumb Code     0  libshutdown2.o(.ARM.Collect$$libshutdown$$00000007)
    __rt_lib_shutdown_heap_1                 0x0800016f   Thumb Code     0  libshutdown2.o(.ARM.Collect$$libshutdown$$0000000F)
    __rt_lib_shutdown_return                 0x0800016f   Thumb Code     0  libshutdown2.o(.ARM.Collect$$libshutdown$$00000010)
    __rt_lib_shutdown_signal_1               0x0800016f   Thumb Code     0  libshutdown2.o(.ARM.Collect$$libshutdown$$0000000A)
    __rt_lib_shutdown_stdio_1                0x0800016f   Thumb Code     0  libshutdown2.o(.ARM.Collect$$libshutdown$$00000004)
    __rt_lib_shutdown_user_alloc_1           0x0800016f   Thumb Code     0  libshutdown2.o(.ARM.Collect$$libshutdown$$0000000C)
    __rt_entry                               0x08000171   Thumb Code     0  __rtentry.o(.ARM.Collect$$rtentry$$00000000)
    __rt_entry_presh_1                       0x08000171   Thumb Code     0  __rtentry2.o(.ARM.Collect$$rtentry$$00000002)
    __rt_entry_sh                            0x08000171   Thumb Code     0  __rtentry4.o(.ARM.Collect$$rtentry$$00000004)
    __rt_entry_li                            0x08000177   Thumb Code     0  __rtentry2.o(.ARM.Collect$$rtentry$$0000000A)
    __rt_entry_postsh_1                      0x08000177   Thumb Code     0  __rtentry2.o(.ARM.Collect$$rtentry$$00000009)
    __rt_entry_main                          0x0800017b   Thumb Code     0  __rtentry2.o(.ARM.Collect$$rtentry$$0000000D)
    __rt_entry_postli_1                      0x0800017b   Thumb Code     0  __rtentry2.o(.ARM.Collect$$rtentry$$0000000C)
    __rt_exit                                0x08000183   Thumb Code     0  rtexit.o(.ARM.Collect$$rtexit$$00000000)
    __rt_exit_ls                             0x08000185   Thumb Code     0  rtexit2.o(.ARM.Collect$$rtexit$$00000003)
    __rt_exit_prels_1                        0x08000185   Thumb Code     0  rtexit2.o(.ARM.Collect$$rtexit$$00000002)
    __rt_exit_exit                           0x08000189   Thumb Code     0  rtexit2.o(.ARM.Collect$$rtexit$$00000004)
    Reset_Handler                            0x08000191   Thumb Code     8  startup_stm32l152xb.o(.text)
    NMI_Handler                              0x08000199   Thumb Code     2  startup_stm32l152xb.o(.text)
    HardFault_Handler                        0x0800019b   Thumb Code     2  startup_stm32l152xb.o(.text)
    MemManage_Handler                        0x0800019d   Thumb Code     2  startup_stm32l152xb.o(.text)
    BusFault_Handler                         0x0800019f   Thumb Code     2  startup_stm32l152xb.o(.text)
    UsageFault_Handler                       0x080001a1   Thumb Code     2  startup_stm32l152xb.o(.text)
    SVC_Handler                              0x080001a3   Thumb Code     2  startup_stm32l152xb.o(.text)
    DebugMon_Handler                         0x080001a5   Thumb Code     2  startup_stm32l152xb.o(.text)
    PendSV_Handler                           0x080001a7   Thumb Code     2  startup_stm32l152xb.o(.text)
    SysTick_Handler                          0x080001a9   Thumb Code     2  startup_stm32l152xb.o(.text)
    ADC1_IRQHandler                          0x080001ab   Thumb Code     0  startup_stm32l152xb.o(.text)
    COMP_IRQHandler                          0x080001ab   Thumb Code     0  startup_stm32l152xb.o(.text)
    DAC_IRQHandler                           0x080001ab   Thumb Code     0  startup_stm32l152xb.o(.text)
    DMA1_Channel1_IRQHandler                 0x080001ab   Thumb Code     0  startup_stm32l152xb.o(.text)
    DMA1_Channel2_IRQHandler                 0x080001ab   Thumb Code     0  startup_stm32l152xb.o(.text)
    DMA1_Channel3_IRQHandler                 0x080001ab   Thumb Code     0  startup_stm32l152xb.o(.text)
    DMA1_Channel4_IRQHandler                 0x080001ab   Thumb Code     0  startup_stm32l152xb.o(.text)
    DMA1_Channel5_IRQHandler                 0x080001ab   Thumb Code     0  startup_stm32l152xb.o(.text)
    DMA1_Channel6_IRQHandler                 0x080001ab   Thumb Code     0  startup_stm32l152xb.o(.text)
    DMA1_Channel7_IRQHandler                 0x080001ab   Thumb Code     0  startup_stm32l152xb.o(.text)
    EXTI0_IRQHandler                         0x080001ab   Thumb Code     0  startup_stm32l152xb.o(.text)
    EXTI15_10_IRQHandler                     0x080001ab   Thumb Code     0  startup_stm32l152xb.o(.text)
    EXTI1_IRQHandler                         0x080001ab   Thumb Code     0  startup_stm32l152xb.o(.text)
    EXTI2_IRQHandler                         0x080001ab   Thumb Code     0  startup_stm32l152xb.o(.text)
    EXTI3_IRQHandler                         0x080001ab   Thumb Code     0  startup_stm32l152xb.o(.text)
    EXTI4_IRQHandler                         0x080001ab   Thumb Code     0  startup_stm32l152xb.o(.text)
    EXTI9_5_IRQHandler                       0x080001ab   Thumb Code     0  startup_stm32l152xb.o(.text)
    FLASH_IRQHandler                         0x080001ab   Thumb Code     0  startup_stm32l152xb.o(.text)
    I2C1_ER_IRQHandler                       0x080001ab   Thumb Code     0  startup_stm32l152xb.o(.text)
    I2C1_EV_IRQHandler                       0x080001ab   Thumb Code     0  startup_stm32l152xb.o(.text)
    I2C2_ER_IRQHandler                       0x080001ab   Thumb Code     0  startup_stm32l152xb.o(.text)
    I2C2_EV_IRQHandler                       0x080001ab   Thumb Code     0  startup_stm32l152xb.o(.text)
    LCD_IRQHandler                           0x080001ab   Thumb Code     0  startup_stm32l152xb.o(.text)
    PVD_IRQHandler                           0x080001ab   Thumb Code     0  startup_stm32l152xb.o(.text)
    RCC_IRQHandler                           0x080001ab   Thumb Code     0  startup_stm32l152xb.o(.text)
    RTC_Alarm_IRQHandler                     0x080001ab   Thumb Code     0  startup_stm32l152xb.o(.text)
    RTC_WKUP_IRQHandler                      0x080001ab   Thumb Code     0  startup_stm32l152xb.o(.text)
    SPI1_IRQHandler                          0x080001ab   Thumb Code     0  startup_stm32l152xb.o(.text)
    SPI2_IRQHandler                          0x080001ab   Thumb Code     0  startup_stm32l152xb.o(.text)
    TAMPER_STAMP_IRQHandler                  0x080001ab   Thumb Code     0  startup_stm32l152xb.o(.text)
    TIM10_IRQHandler                         0x080001ab   Thumb Code     0  startup_stm32l152xb.o(.text)
    TIM11_IRQHandler                         0x080001ab   Thumb Code     0  startup_stm32l152xb.o(.text)
    TIM2_IRQHandler                          0x080001ab   Thumb Code     0  startup_stm32l152xb.o(.text)
    TIM3_IRQHandler                          0x080001ab   Thumb Code     0  startup_stm32l152xb.o(.text)
    TIM4_IRQHandler                          0x080001ab   Thumb Code     0  startup_stm32l152xb.o(.text)
    TIM6_IRQHandler                          0x080001ab   Thumb Code     0  startup_stm32l152xb.o(.text)
    TIM7_IRQHandler                          0x080001ab   Thumb Code     0  startup_stm32l152xb.o(.text)
    TIM9_IRQHandler                          0x080001ab   Thumb Code     0  startup_stm32l152xb.o(.text)
    USART2_IRQHandler                        0x080001ab   Thumb Code     0  startup_stm32l152xb.o(.text)
    USART3_IRQHandler                        0x080001ab   Thumb Code     0  startup_stm32l152xb.o(.text)
    USB_FS_WKUP_IRQHandler                   0x080001ab   Thumb Code     0  startup_stm32l152xb.o(.text)
    USB_HP_IRQHandler                        0x080001ab   Thumb Code     0  startup_stm32l152xb.o(.text)
    USB_LP_IRQHandler                        0x080001ab   Thumb Code     0  startup_stm32l152xb.o(.text)
    WWDG_IRQHandler                          0x080001ab   Thumb Code     0  startup_stm32l152xb.o(.text)
    __user_initial_stackheap                 0x080001ad   Thumb Code     0  startup_stm32l152xb.o(.text)
    strstr                                   0x080001d1   Thumb Code    36  strstr.o(.text)
    __aeabi_memclr                           0x080001f5   Thumb Code     0  rt_memclr.o(.text)
    __rt_memclr                              0x080001f5   Thumb Code    68  rt_memclr.o(.text)
    _memset                                  0x080001f9   Thumb Code     0  rt_memclr.o(.text)
    __aeabi_memclr4                          0x08000239   Thumb Code     0  rt_memclr_w.o(.text)
    __aeabi_memclr8                          0x08000239   Thumb Code     0  rt_memclr_w.o(.text)
    __rt_memclr_w                            0x08000239   Thumb Code    78  rt_memclr_w.o(.text)
    _memset_w                                0x0800023d   Thumb Code     0  rt_memclr_w.o(.text)
    __use_two_region_memory                  0x08000287   Thumb Code     2  heapauxi.o(.text)
    __rt_heap_escrow$2region                 0x08000289   Thumb Code     2  heapauxi.o(.text)
    __rt_heap_expand$2region                 0x0800028b   Thumb Code     2  heapauxi.o(.text)
    __user_setup_stackheap                   0x0800028d   Thumb Code    74  sys_stackheap_outer.o(.text)
    exit                                     0x080002d7   Thumb Code    18  exit.o(.text)
    __user_libspace                          0x080002e9   Thumb Code     8  libspace.o(.text)
    __user_perproc_libspace                  0x080002e9   Thumb Code     0  libspace.o(.text)
    __user_perthread_libspace                0x080002e9   Thumb Code     0  libspace.o(.text)
    _sys_exit                                0x080002f1   Thumb Code     8  sys_exit.o(.text)
    __I$use$semihosting                      0x080002fd   Thumb Code     0  use_no_semi.o(.text)
    __use_no_semihosting_swi                 0x080002fd   Thumb Code     2  use_no_semi.o(.text)
    ESP_ClearBuffer                          0x080002ff   Thumb Code    22  usart.o(i.ESP_ClearBuffer)
    __semihosting_library_function           0x080002ff   Thumb Code     0  indicate_semi.o(.text)
    ESP_IsRecvComp                           0x08000315   Thumb Code    66  usart.o(i.ESP_IsRecvComp)
    ESP_SendATCmd                            0x08000369   Thumb Code    30  usart.o(i.ESP_SendATCmd)
    LL_GPIO_Init                             0x08000387   Thumb Code   324  stm32l1xx_ll_gpio.o(i.LL_GPIO_Init)
    LL_Init1msTick                           0x080004cb   Thumb Code    28  stm32l1xx_ll_utils.o(i.LL_Init1msTick)
    LL_RCC_GetSystemClocksFreq               0x080004e7   Thumb Code    36  stm32l1xx_ll_rcc.o(i.LL_RCC_GetSystemClocksFreq)
    LL_SetSystemCoreClock                    0x0800051d   Thumb Code     6  stm32l1xx_ll_utils.o(i.LL_SetSystemCoreClock)
    LL_USART_Init                            0x08000529   Thumb Code   138  stm32l1xx_ll_usart.o(i.LL_USART_Init)
    RCC_GetHCLKClockFreq                     0x0800070d   Thumb Code    24  stm32l1xx_ll_rcc.o(i.RCC_GetHCLKClockFreq)
    RCC_GetPCLK1ClockFreq                    0x0800072d   Thumb Code    26  stm32l1xx_ll_rcc.o(i.RCC_GetPCLK1ClockFreq)
    RCC_GetPCLK2ClockFreq                    0x08000751   Thumb Code    26  stm32l1xx_ll_rcc.o(i.RCC_GetPCLK2ClockFreq)
    RCC_GetSystemClockFreq                   0x08000775   Thumb Code   124  stm32l1xx_ll_rcc.o(i.RCC_GetSystemClockFreq)
    RCC_PLL_GetFreqDomain_SYS                0x080007fd   Thumb Code   102  stm32l1xx_ll_rcc.o(i.RCC_PLL_GetFreqDomain_SYS)
    SystemClock_Config                       0x08000875   Thumb Code   308  usart.o(i.SystemClock_Config)
    SystemInit                               0x080009b9   Thumb Code    82  system_stm32l1xx.o(i.SystemInit)
    USART1_IRQHandler                        0x08000a1d   Thumb Code    34  usart.o(i.USART1_IRQHandler)
    USART_Config                             0x08000a49   Thumb Code   156  usart.o(i.USART_Config)
    USART_GPIO_Config                        0x08000af5   Thumb Code    78  usart.o(i.USART_GPIO_Config)
    USART_SendCmd                            0x08000b4d   Thumb Code    42  usart.o(i.USART_SendCmd)
    main                                     0x08000b7d   Thumb Code   280  usart.o(i.main)
    rb_get_char                              0x08000d15   Thumb Code    36  usart.o(i.rb_get_char)
    rb_init                                  0x08000d39   Thumb Code    24  usart.o(i.rb_init)
    rb_isempty                               0x08000d51   Thumb Code    26  usart.o(i.rb_isempty)
    rb_isfull                                0x08000d6b   Thumb Code    34  usart.o(i.rb_isfull)
    rb_put_char                              0x08000d8d   Thumb Code    76  usart.o(i.rb_put_char)
    PLLMulTable                              0x08000dd8   Data           9  system_stm32l1xx.o(.constdata)
    AHBPrescTable                            0x08000de1   Data          16  system_stm32l1xx.o(.constdata)
    APBPrescTable                            0x08000df1   Data           8  system_stm32l1xx.o(.constdata)
    Region$$Table$$Base                      0x08000dfc   Number         0  anon$$obj.o(Region$$Table)
    Region$$Table$$Limit                     0x08000e1c   Number         0  anon$$obj.o(Region$$Table)
    SystemCoreClock                          0x20000000   Data           4  system_stm32l1xx.o(.data)
    prog_state                               0x20000004   Data           1  usart.o(.data)
    resp_buffer_idx                          0x20000006   Data           2  usart.o(.data)
    test                                     0x20000008   Data           2  usart.o(.data)
    resp_buf                                 0x2000000c   Data         256  usart.o(.bss)
    uart_buf                                 0x2000010c   Data          11  usart.o(.bss)
    __libspace_start                         0x20000118   Data          96  libspace.o(.bss)
    __temporary_stack_top$libspace           0x20000178   Data           0  libspace.o(.bss)



==============================================================================

Memory Map of the image

  Image Entry point : 0x08000191

  Load Region LR_1 (Base: 0x08000000, Size: 0x00000e28, Max: 0xffffffff, ABSOLUTE)

    Execution Region ER_RO (Base: 0x08000000, Size: 0x00000e1c, Max: 0xffffffff, ABSOLUTE)

    Base Addr    Size         Type   Attr      Idx    E Section Name        Object

    0x08000000   0x000000f4   Data   RO           65    RESET               startup_stm32l152xb.o
    0x080000f4   0x00000008   Code   RO         1001  * !!!main             c_w.l(__main.o)
    0x080000fc   0x00000034   Code   RO         1158    !!!scatter          c_w.l(__scatter.o)
    0x08000130   0x0000001a   Code   RO         1160    !!handler_copy      c_w.l(__scatter_copy.o)
    0x0800014a   0x00000002   PAD
    0x0800014c   0x0000001c   Code   RO         1162    !!handler_zi        c_w.l(__scatter_zi.o)
    0x08000168   0x00000002   Code   RO         1028    .ARM.Collect$$libinit$$00000000  c_w.l(libinit.o)
    0x0800016a   0x00000000   Code   RO         1035    .ARM.Collect$$libinit$$00000002  c_w.l(libinit2.o)
    0x0800016a   0x00000000   Code   RO         1037    .ARM.Collect$$libinit$$00000004  c_w.l(libinit2.o)
    0x0800016a   0x00000000   Code   RO         1040    .ARM.Collect$$libinit$$0000000A  c_w.l(libinit2.o)
    0x0800016a   0x00000000   Code   RO         1042    .ARM.Collect$$libinit$$0000000C  c_w.l(libinit2.o)
    0x0800016a   0x00000000   Code   RO         1044    .ARM.Collect$$libinit$$0000000E  c_w.l(libinit2.o)
    0x0800016a   0x00000000   Code   RO         1047    .ARM.Collect$$libinit$$00000011  c_w.l(libinit2.o)
    0x0800016a   0x00000000   Code   RO         1049    .ARM.Collect$$libinit$$00000013  c_w.l(libinit2.o)
    0x0800016a   0x00000000   Code   RO         1051    .ARM.Collect$$libinit$$00000015  c_w.l(libinit2.o)
    0x0800016a   0x00000000   Code   RO         1053    .ARM.Collect$$libinit$$00000017  c_w.l(libinit2.o)
    0x0800016a   0x00000000   Code   RO         1055    .ARM.Collect$$libinit$$00000019  c_w.l(libinit2.o)
    0x0800016a   0x00000000   Code   RO         1057    .ARM.Collect$$libinit$$0000001B  c_w.l(libinit2.o)
    0x0800016a   0x00000000   Code   RO         1059    .ARM.Collect$$libinit$$0000001D  c_w.l(libinit2.o)
    0x0800016a   0x00000000   Code   RO         1061    .ARM.Collect$$libinit$$0000001F  c_w.l(libinit2.o)
    0x0800016a   0x00000000   Code   RO         1063    .ARM.Collect$$libinit$$00000021  c_w.l(libinit2.o)
    0x0800016a   0x00000000   Code   RO         1065    .ARM.Collect$$libinit$$00000023  c_w.l(libinit2.o)
    0x0800016a   0x00000000   Code   RO         1067    .ARM.Collect$$libinit$$00000025  c_w.l(libinit2.o)
    0x0800016a   0x00000000   Code   RO         1071    .ARM.Collect$$libinit$$0000002C  c_w.l(libinit2.o)
    0x0800016a   0x00000000   Code   RO         1073    .ARM.Collect$$libinit$$0000002E  c_w.l(libinit2.o)
    0x0800016a   0x00000000   Code   RO         1075    .ARM.Collect$$libinit$$00000030  c_w.l(libinit2.o)
    0x0800016a   0x00000000   Code   RO         1077    .ARM.Collect$$libinit$$00000032  c_w.l(libinit2.o)
    0x0800016a   0x00000002   Code   RO         1078    .ARM.Collect$$libinit$$00000033  c_w.l(libinit2.o)
    0x0800016c   0x00000002   Code   RO         1098    .ARM.Collect$$libshutdown$$00000000  c_w.l(libshutdown.o)
    0x0800016e   0x00000000   Code   RO         1111    .ARM.Collect$$libshutdown$$00000002  c_w.l(libshutdown2.o)
    0x0800016e   0x00000000   Code   RO         1113    .ARM.Collect$$libshutdown$$00000004  c_w.l(libshutdown2.o)
    0x0800016e   0x00000000   Code   RO         1116    .ARM.Collect$$libshutdown$$00000007  c_w.l(libshutdown2.o)
    0x0800016e   0x00000000   Code   RO         1119    .ARM.Collect$$libshutdown$$0000000A  c_w.l(libshutdown2.o)
    0x0800016e   0x00000000   Code   RO         1121    .ARM.Collect$$libshutdown$$0000000C  c_w.l(libshutdown2.o)
    0x0800016e   0x00000000   Code   RO         1124    .ARM.Collect$$libshutdown$$0000000F  c_w.l(libshutdown2.o)
    0x0800016e   0x00000002   Code   RO         1125    .ARM.Collect$$libshutdown$$00000010  c_w.l(libshutdown2.o)
    0x08000170   0x00000000   Code   RO         1003    .ARM.Collect$$rtentry$$00000000  c_w.l(__rtentry.o)
    0x08000170   0x00000000   Code   RO         1005    .ARM.Collect$$rtentry$$00000002  c_w.l(__rtentry2.o)
    0x08000170   0x00000006   Code   RO         1017    .ARM.Collect$$rtentry$$00000004  c_w.l(__rtentry4.o)
    0x08000176   0x00000000   Code   RO         1007    .ARM.Collect$$rtentry$$00000009  c_w.l(__rtentry2.o)
    0x08000176   0x00000004   Code   RO         1008    .ARM.Collect$$rtentry$$0000000A  c_w.l(__rtentry2.o)
    0x0800017a   0x00000000   Code   RO         1010    .ARM.Collect$$rtentry$$0000000C  c_w.l(__rtentry2.o)
    0x0800017a   0x00000008   Code   RO         1011    .ARM.Collect$$rtentry$$0000000D  c_w.l(__rtentry2.o)
    0x08000182   0x00000002   Code   RO         1032    .ARM.Collect$$rtexit$$00000000  c_w.l(rtexit.o)
    0x08000184   0x00000000   Code   RO         1080    .ARM.Collect$$rtexit$$00000002  c_w.l(rtexit2.o)
    0x08000184   0x00000004   Code   RO         1081    .ARM.Collect$$rtexit$$00000003  c_w.l(rtexit2.o)
    0x08000188   0x00000006   Code   RO         1082    .ARM.Collect$$rtexit$$00000004  c_w.l(rtexit2.o)
    0x0800018e   0x00000002   PAD
    0x08000190   0x00000040   Code   RO           66  * .text               startup_stm32l152xb.o
    0x080001d0   0x00000024   Code   RO          993    .text               c_w.l(strstr.o)
    0x080001f4   0x00000044   Code   RO          995    .text               c_w.l(rt_memclr.o)
    0x08000238   0x0000004e   Code   RO          997    .text               c_w.l(rt_memclr_w.o)
    0x08000286   0x00000006   Code   RO          999    .text               c_w.l(heapauxi.o)
    0x0800028c   0x0000004a   Code   RO         1019    .text               c_w.l(sys_stackheap_outer.o)
    0x080002d6   0x00000012   Code   RO         1021    .text               c_w.l(exit.o)
    0x080002e8   0x00000008   Code   RO         1029    .text               c_w.l(libspace.o)
    0x080002f0   0x0000000c   Code   RO         1090    .text               c_w.l(sys_exit.o)
    0x080002fc   0x00000002   Code   RO         1101    .text               c_w.l(use_no_semi.o)
    0x080002fe   0x00000000   Code   RO         1103    .text               c_w.l(indicate_semi.o)
    0x080002fe   0x00000016   Code   RO          854    i.ESP_ClearBuffer   usart.o
    0x08000314   0x00000054   Code   RO          855    i.ESP_IsRecvComp    usart.o
    0x08000368   0x0000001e   Code   RO          856    i.ESP_SendATCmd     usart.o
    0x08000386   0x00000144   Code   RO          149    i.LL_GPIO_Init      stm32l1xx_ll_gpio.o
    0x080004ca   0x0000001c   Code   RO          291    i.LL_Init1msTick    stm32l1xx_ll_utils.o
    0x080004e6   0x00000024   Code   RO          229    i.LL_RCC_GetSystemClocksFreq  stm32l1xx_ll_rcc.o
    0x0800050a   0x00000002   PAD
    0x0800050c   0x00000010   Code   RO          857    i.LL_RCC_HSI_IsReady  usart.o
    0x0800051c   0x0000000c   Code   RO          298    i.LL_SetSystemCoreClock  stm32l1xx_ll_utils.o
    0x08000528   0x00000098   Code   RO          605    i.LL_USART_Init     stm32l1xx_ll_usart.o
    0x080005c0   0x0000000a   Code   RO          606    i.LL_USART_IsEnabled  stm32l1xx_ll_usart.o
    0x080005ca   0x00000142   Code   RO          607    i.LL_USART_SetBaudRate  stm32l1xx_ll_usart.o
    0x0800070c   0x00000020   Code   RO          230    i.RCC_GetHCLKClockFreq  stm32l1xx_ll_rcc.o
    0x0800072c   0x00000024   Code   RO          231    i.RCC_GetPCLK1ClockFreq  stm32l1xx_ll_rcc.o
    0x08000750   0x00000024   Code   RO          232    i.RCC_GetPCLK2ClockFreq  stm32l1xx_ll_rcc.o
    0x08000774   0x00000088   Code   RO          233    i.RCC_GetSystemClockFreq  stm32l1xx_ll_rcc.o
    0x080007fc   0x00000078   Code   RO          234    i.RCC_PLL_GetFreqDomain_SYS  stm32l1xx_ll_rcc.o
    0x08000874   0x00000144   Code   RO          858    i.SystemClock_Config  usart.o
    0x080009b8   0x00000064   Code   RO            5    i.SystemInit        system_stm32l1xx.o
    0x08000a1c   0x0000002c   Code   RO          859    i.USART1_IRQHandler  usart.o
    0x08000a48   0x000000ac   Code   RO          860    i.USART_Config      usart.o
    0x08000af4   0x00000058   Code   RO          861    i.USART_GPIO_Config  usart.o
    0x08000b4c   0x00000030   Code   RO          862    i.USART_SendCmd     usart.o
    0x08000b7c   0x00000198   Code   RO          863    i.main              usart.o
    0x08000d14   0x00000024   Code   RO          864    i.rb_get_char       usart.o
    0x08000d38   0x00000018   Code   RO          865    i.rb_init           usart.o
    0x08000d50   0x0000001a   Code   RO          866    i.rb_isempty        usart.o
    0x08000d6a   0x00000022   Code   RO          867    i.rb_isfull         usart.o
    0x08000d8c   0x0000004c   Code   RO          868    i.rb_put_char       usart.o
    0x08000dd8   0x00000021   Data   RO            6    .constdata          system_stm32l1xx.o
    0x08000df9   0x00000003   PAD
    0x08000dfc   0x00000020   Data   RO         1156    Region$$Table       anon$$obj.o


    Execution Region ER_RW (Base: 0x20000000, Size: 0x0000000c, Max: 0xffffffff, ABSOLUTE)

    Base Addr    Size         Type   Attr      Idx    E Section Name        Object

    0x20000000   0x00000004   Data   RW            7    .data               system_stm32l1xx.o
    0x20000004   0x00000006   Data   RW          871    .data               usart.o


    Execution Region ER_ZI (Base: 0x2000000c, Size: 0x0000076c, Max: 0xffffffff, ABSOLUTE)

    Base Addr    Size         Type   Attr      Idx    E Section Name        Object

    0x2000000c   0x0000010b   Zero   RW          869    .bss                usart.o
    0x20000117   0x00000001   PAD
    0x20000118   0x00000060   Zero   RW         1030    .bss                c_w.l(libspace.o)
    0x20000178   0x00000200   Zero   RW           64    HEAP                startup_stm32l152xb.o
    0x20000378   0x00000400   Zero   RW           63    STACK               startup_stm32l152xb.o


==============================================================================

Image component sizes


      Code (inc. data)   RO Data    RW Data    ZI Data      Debug   Object Name

        64         26        244          0       1536        928   startup_stm32l152xb.o
         0          0          0          0          0       4112   stm32l152_glass_lcd.o
       324          0          0          0          0       7467   stm32l1xx_ll_gpio.o
       396         58          0          0          0      15221   stm32l1xx_ll_rcc.o
       484         14          0          0          0      26708   stm32l1xx_ll_usart.o
        40          6          0          0          0       2349   stm32l1xx_ll_utils.o
       100         18         33          4          0     270579   system_stm32l1xx.o
      1432        216          0          6        267      94628   usart.o

    ----------------------------------------------------------------------
      2842        338        312         12       1804     421992   Object Totals
         0          0         32          0          0          0   (incl. Generated)
         2          0          3          2          1          0   (incl. Padding)

    ----------------------------------------------------------------------

      Code (inc. data)   RO Data    RW Data    ZI Data      Debug   Library Member Name

         8          0          0          0          0         68   __main.o
         0          0          0          0          0          0   __rtentry.o
        12          0          0          0          0          0   __rtentry2.o
         6          0          0          0          0          0   __rtentry4.o
        52          8          0          0          0          0   __scatter.o
        26          0          0          0          0          0   __scatter_copy.o
        28          0          0          0          0          0   __scatter_zi.o
        18          0          0          0          0         80   exit.o
         6          0          0          0          0        152   heapauxi.o
         0          0          0          0          0          0   indicate_semi.o
         2          0          0          0          0          0   libinit.o
         2          0          0          0          0          0   libinit2.o
         2          0          0          0          0          0   libshutdown.o
         2          0          0          0          0          0   libshutdown2.o
         8          4          0          0         96         68   libspace.o
        68          0          0          0          0         68   rt_memclr.o
        78          0          0          0          0         80   rt_memclr_w.o
         2          0          0          0          0          0   rtexit.o
        10          0          0          0          0          0   rtexit2.o
        36          0          0          0          0         80   strstr.o
        12          4          0          0          0         68   sys_exit.o
        74          0          0          0          0         80   sys_stackheap_outer.o
         2          0          0          0          0         68   use_no_semi.o

    ----------------------------------------------------------------------
       458         16          0          0         96        812   Library Totals
         4          0          0          0          0          0   (incl. Padding)

    ----------------------------------------------------------------------

      Code (inc. data)   RO Data    RW Data    ZI Data      Debug   Library Name

       454         16          0          0         96        812   c_w.l

    ----------------------------------------------------------------------
       458         16          0          0         96        812   Library Totals

    ----------------------------------------------------------------------

==============================================================================


      Code (inc. data)   RO Data    RW Data    ZI Data      Debug   

      3300        354        312         12       1900     421188   Grand Totals
      3300        354        312         12       1900     421188   ELF Image Totals
      3300        354        312         12          0          0   ROM Totals

==============================================================================

    Total RO  Size (Code + RO Data)                 3612 (   3.53kB)
    Total RW  Size (RW Data + ZI Data)              1912 (   1.87kB)
    Total ROM Size (Code + RO Data + RW Data)       3624 (   3.54kB)

==============================================================================

